[INFO] 15:24:05.785 (logging_utils.py:setup_logging) -- Logging to /usr/local/google/home/kruparell/flood-forecasting/tutorial/model-runs/5-basin-example_1707_152405/output.log initialized.
[INFO] 15:24:05.785 (basetrainer.py:__init__) -- ### Folder structure created at /usr/local/google/home/kruparell/flood-forecasting/tutorial/model-runs/5-basin-example_1707_152405
[INFO] 15:24:05.785 (basetrainer.py:__init__) -- ### Run configurations for 5-basin-example
[INFO] 15:24:05.785 (basetrainer.py:__init__) -- experiment_name: 5-basin-example
[INFO] 15:24:05.785 (basetrainer.py:__init__) -- run_dir: /usr/local/google/home/kruparell/flood-forecasting/tutorial/model-runs/5-basin-example_1707_152405
[INFO] 15:24:05.785 (basetrainer.py:__init__) -- logging_level: INFO
[INFO] 15:24:05.785 (basetrainer.py:__init__) -- detect_anomaly: False
[INFO] 15:24:05.785 (basetrainer.py:__init__) -- print_warnings_once: False
[INFO] 15:24:05.785 (basetrainer.py:__init__) -- dataset: multimet
[INFO] 15:24:05.786 (basetrainer.py:__init__) -- train_basin_file: /usr/local/google/home/kruparell/flood-forecasting/tutorial/basin-lists/5-basin-train.txt
[INFO] 15:24:05.786 (basetrainer.py:__init__) -- validation_basin_file: /usr/local/google/home/kruparell/flood-forecasting/tutorial/basin-lists/5-basin-train.txt
[INFO] 15:24:05.786 (basetrainer.py:__init__) -- test_basin_file: /usr/local/google/home/kruparell/flood-forecasting/tutorial/basin-lists/8-basin-test.txt
[INFO] 15:24:05.786 (basetrainer.py:__init__) -- targets_data_dir: /usr/local/google/home/kruparell/flood-forecasting/tutorial/Caravan-nc
[INFO] 15:24:05.786 (basetrainer.py:__init__) -- statics_data_dir: /usr/local/google/home/kruparell/flood-forecasting/tutorial/Caravan-nc
[INFO] 15:24:05.786 (basetrainer.py:__init__) -- dynamics_data_dir: /usr/local/google/home/kruparell/Caravans_MultiMet
[INFO] 15:24:05.786 (basetrainer.py:__init__) -- load_as_csv: False
[INFO] 15:24:05.786 (basetrainer.py:__init__) -- train_start_date: 2000-01-01 00:00:00
[INFO] 15:24:05.786 (basetrainer.py:__init__) -- train_end_date: 2020-12-31 00:00:00
[INFO] 15:24:05.786 (basetrainer.py:__init__) -- validation_start_date: 2022-01-01 00:00:00
[INFO] 15:24:05.786 (basetrainer.py:__init__) -- validation_end_date: 2024-12-31 00:00:00
[INFO] 15:24:05.786 (basetrainer.py:__init__) -- test_start_date: 2022-01-01 00:00:00
[INFO] 15:24:05.786 (basetrainer.py:__init__) -- test_end_date: 2024-12-31 00:00:00
[INFO] 15:24:05.786 (basetrainer.py:__init__) -- hindcast_inputs: {'hres': ['hres_temperature_2m', 'hres_total_precipitation'], 'imerg': ['imerg_precipitation'], 'cpc': ['cpc_precipitation']}
[INFO] 15:24:05.786 (basetrainer.py:__init__) -- forecast_inputs: {'hres': ['hres_temperature_2m', 'hres_total_precipitation'], 'graphcast': ['graphcast_temperature_2m', 'graphcast_total_precipitation']}
[INFO] 15:24:05.787 (basetrainer.py:__init__) -- union_mapping: {'cpc_precipitation': 'era5land_total_precipitation', 'imerg_precipitation': 'era5land_total_precipitation', 'graphcast_temperature_2m': 'era5land_temperature_2m', 'graphcast_total_precipitation': 'era5land_total_precipitation', 'hres_temperature_2m': 'era5land_temperature_2m', 'hres_total_precipitation': 'era5land_total_precipitation'}
[INFO] 15:24:05.787 (basetrainer.py:__init__) -- static_attributes: ['area', 'aridity_ERA5_LAND', 'aridity_FAO_PM', 'frac_snow', 'moisture_index_ERA5_LAND', 'moisture_index_FAO_PM', 'p_mean', 'pet_mean_ERA5_LAND', 'pet_mean_FAO_PM']
[INFO] 15:24:05.787 (basetrainer.py:__init__) -- target_variables: ['streamflow']
[INFO] 15:24:05.787 (basetrainer.py:__init__) -- model: mean_embedding_forecast_lstm
[INFO] 15:24:05.787 (basetrainer.py:__init__) -- hidden_size: 16
[INFO] 15:24:05.787 (basetrainer.py:__init__) -- head: regression
[INFO] 15:24:05.787 (basetrainer.py:__init__) -- output_activation: linear
[INFO] 15:24:05.787 (basetrainer.py:__init__) -- seq_length: 365
[INFO] 15:24:05.787 (basetrainer.py:__init__) -- lead_time: 7
[INFO] 15:24:05.787 (basetrainer.py:__init__) -- forecast_overlap: 365
[INFO] 15:24:05.787 (basetrainer.py:__init__) -- timestep_counter: True
[INFO] 15:24:05.788 (basetrainer.py:__init__) -- output_dropout: 0.4
[INFO] 15:24:05.788 (basetrainer.py:__init__) -- initial_forget_bias: 3
[INFO] 15:24:05.788 (basetrainer.py:__init__) -- weight_init_opts: ['lstm-ih-xavier', 'lstm-hh-orthogonal', 'fc-xavier']
[INFO] 15:24:05.788 (basetrainer.py:__init__) -- statics_embedding: {'type': 'fc', 'hiddens': [100, 100, 20], 'activation': ['tanh', 'tanh', 'linear'], 'dropout': 0.0}
[INFO] 15:24:05.788 (basetrainer.py:__init__) -- hindcast_embedding: {'type': 'fc', 'hiddens': [100, 20], 'activation': ['tanh', 'linear'], 'dropout': 0.0}
[INFO] 15:24:05.788 (basetrainer.py:__init__) -- forecast_embedding: {'type': 'fc', 'hiddens': [20, 20, 20, 20], 'activation': ['tanh', 'tanh', 'tanh', 'linear'], 'dropout': 0.0}
[INFO] 15:24:05.788 (basetrainer.py:__init__) -- device: cpu
[INFO] 15:24:05.788 (basetrainer.py:__init__) -- seed: 42
[INFO] 15:24:05.788 (basetrainer.py:__init__) -- loss: MSE
[INFO] 15:24:05.788 (basetrainer.py:__init__) -- optimizer: Adam
[INFO] 15:24:05.788 (basetrainer.py:__init__) -- epochs: 15
[INFO] 15:24:05.788 (basetrainer.py:__init__) -- batch_size: 256
[INFO] 15:24:05.788 (basetrainer.py:__init__) -- max_updates_per_epoch: -1
[INFO] 15:24:05.789 (basetrainer.py:__init__) -- learning_rate_strategy: StepLR
[INFO] 15:24:05.789 (basetrainer.py:__init__) -- initial_learning_rate: 0.001
[INFO] 15:24:05.789 (basetrainer.py:__init__) -- learning_rate_drop_factor: 0.5
[INFO] 15:24:05.789 (basetrainer.py:__init__) -- learning_rate_epochs_drop: 3
[INFO] 15:24:05.789 (basetrainer.py:__init__) -- clip_gradient_norm: 1
[INFO] 15:24:05.789 (basetrainer.py:__init__) -- target_noise_std: 0.005
[INFO] 15:24:05.789 (basetrainer.py:__init__) -- metrics: ['NSE', 'KGE']
[INFO] 15:24:05.789 (basetrainer.py:__init__) -- validate_every: 1
[INFO] 15:24:05.789 (basetrainer.py:__init__) -- validate_n_random_basins: -1
[INFO] 15:24:05.789 (basetrainer.py:__init__) -- tester_skip_obs_all_nan: True
[INFO] 15:24:05.789 (basetrainer.py:__init__) -- tester_sample_reduction: median
[INFO] 15:24:05.789 (basetrainer.py:__init__) -- clip_targets_to_zero: ['streamflow']
[INFO] 15:24:05.789 (basetrainer.py:__init__) -- predict_last_n: 8
[INFO] 15:24:05.789 (basetrainer.py:__init__) -- allzero_samples_are_invalid: False
[INFO] 15:24:05.789 (basetrainer.py:__init__) -- num_workers: 2
[INFO] 15:24:05.789 (basetrainer.py:__init__) -- log_loss_every_nth_update: 50
[INFO] 15:24:05.789 (basetrainer.py:__init__) -- log_n_figures: 0
[INFO] 15:24:05.790 (basetrainer.py:__init__) -- cache: {'enabled': True, 'byte_limit': 10000000000}
[INFO] 15:24:05.790 (basetrainer.py:__init__) -- number_of_basins: 5
[INFO] 15:24:05.790 (basetrainer.py:__init__) -- train_dir: /usr/local/google/home/kruparell/flood-forecasting/tutorial/model-runs/5-basin-example_1707_152405/train_data
[INFO] 15:24:05.790 (basetrainer.py:__init__) -- img_log_dir: /usr/local/google/home/kruparell/flood-forecasting/tutorial/model-runs/5-basin-example_1707_152405/img_log
[INFO] 15:24:05.792 (basetrainer.py:_set_device) -- ### Device cpu will be used for training
[WARNING] 15:24:08.790 (basetrainer.py:initialize_training) -- Validation set to validate every 1 epoch(s), but 'validate_n_random_basins' not set or set to zero. Will validate on the entire validation set.
[INFO] 15:24:10.535 (basetrainer.py:train_and_validate) -- learning rate is [0.001]
[INFO] 15:25:18.906 (basetrainer.py:train_and_validate) -- Epoch 1 average loss: avg_loss: 0.38348, avg_total_loss: 0.38348
[INFO] 15:25:25.875 (basetrainer.py:train_and_validate) -- Epoch 1 average validation loss: 0.19621 -- Median validation metrics: avg_loss: 0.19621, NSE: 0.54297, KGE: 0.48650
[INFO] 15:25:25.876 (basetrainer.py:train_and_validate) -- learning rate is [0.001]
[INFO] 15:26:22.437 (basetrainer.py:train_and_validate) -- Epoch 2 average loss: avg_learning_rate: 0.00100, avg_loss: 0.21793, avg_total_loss: 0.21793
[INFO] 15:26:26.188 (basetrainer.py:train_and_validate) -- Epoch 2 average validation loss: 0.15204 -- Median validation metrics: avg_loss: 0.15204, NSE: 0.65249, KGE: 0.67142
[INFO] 15:26:26.189 (basetrainer.py:train_and_validate) -- learning rate is [0.001]
[INFO] 15:27:20.514 (basetrainer.py:train_and_validate) -- Epoch 3 average loss: avg_learning_rate: 0.00100, avg_loss: 0.12744, avg_total_loss: 0.12744
[INFO] 15:27:24.313 (basetrainer.py:train_and_validate) -- Epoch 3 average validation loss: 0.14094 -- Median validation metrics: avg_loss: 0.14094, NSE: 0.66874, KGE: 0.71267
[INFO] 15:27:24.313 (basetrainer.py:train_and_validate) -- learning rate is [0.0005]
[INFO] 15:28:19.393 (basetrainer.py:train_and_validate) -- Epoch 4 average loss: avg_learning_rate: 0.00050, avg_loss: 0.18915, avg_total_loss: 0.18915
[INFO] 15:28:23.351 (basetrainer.py:train_and_validate) -- Epoch 4 average validation loss: 0.14093 -- Median validation metrics: avg_loss: 0.14093, NSE: 0.66947, KGE: 0.68709
[INFO] 15:28:23.351 (basetrainer.py:train_and_validate) -- learning rate is [0.0005]
[INFO] 15:29:17.440 (basetrainer.py:train_and_validate) -- Epoch 5 average loss: avg_learning_rate: 0.00050, avg_loss: 0.19269, avg_total_loss: 0.19269
[INFO] 15:29:21.446 (basetrainer.py:train_and_validate) -- Epoch 5 average validation loss: 0.12603 -- Median validation metrics: avg_loss: 0.12603, NSE: 0.70627, KGE: 0.77016
[INFO] 15:29:21.446 (basetrainer.py:train_and_validate) -- learning rate is [0.0005]
[INFO] 15:30:15.827 (basetrainer.py:train_and_validate) -- Epoch 6 average loss: avg_learning_rate: 0.00050, avg_loss: 0.13702, avg_total_loss: 0.13702
[INFO] 15:30:19.643 (basetrainer.py:train_and_validate) -- Epoch 6 average validation loss: 0.13134 -- Median validation metrics: avg_loss: 0.13134, NSE: 0.69672, KGE: 0.75547
[INFO] 15:30:19.643 (basetrainer.py:train_and_validate) -- learning rate is [0.00025]
[INFO] 15:31:12.299 (basetrainer.py:train_and_validate) -- Epoch 7 average loss: avg_learning_rate: 0.00025, avg_loss: 0.12986, avg_total_loss: 0.12986
[INFO] 15:31:16.990 (basetrainer.py:train_and_validate) -- Epoch 7 average validation loss: 0.12864 -- Median validation metrics: avg_loss: 0.12864, NSE: 0.69547, KGE: 0.76593
[INFO] 15:31:16.990 (basetrainer.py:train_and_validate) -- learning rate is [0.00025]
[INFO] 15:32:08.645 (basetrainer.py:train_and_validate) -- Epoch 8 average loss: avg_learning_rate: 0.00025, avg_loss: 0.13083, avg_total_loss: 0.13083
[INFO] 15:32:12.442 (basetrainer.py:train_and_validate) -- Epoch 8 average validation loss: 0.13032 -- Median validation metrics: avg_loss: 0.13032, NSE: 0.69591, KGE: 0.76561
[INFO] 15:32:12.442 (basetrainer.py:train_and_validate) -- learning rate is [0.00025]
[INFO] 15:33:06.977 (basetrainer.py:train_and_validate) -- Epoch 9 average loss: avg_learning_rate: 0.00025, avg_loss: 0.16323, avg_total_loss: 0.16323
[INFO] 15:33:10.662 (basetrainer.py:train_and_validate) -- Epoch 9 average validation loss: 0.12769 -- Median validation metrics: avg_loss: 0.12769, NSE: 0.69772, KGE: 0.77920
[INFO] 15:33:10.662 (basetrainer.py:train_and_validate) -- learning rate is [0.000125]
[INFO] 15:34:04.893 (basetrainer.py:train_and_validate) -- Epoch 10 average loss: avg_learning_rate: 0.00013, avg_loss: 0.11435, avg_total_loss: 0.11435
[INFO] 15:34:08.726 (basetrainer.py:train_and_validate) -- Epoch 10 average validation loss: 0.12872 -- Median validation metrics: avg_loss: 0.12872, NSE: 0.69449, KGE: 0.76945
[INFO] 15:34:08.726 (basetrainer.py:train_and_validate) -- learning rate is [0.000125]
[INFO] 15:35:05.171 (basetrainer.py:train_and_validate) -- Epoch 11 average loss: avg_learning_rate: 0.00013, avg_loss: 0.20351, avg_total_loss: 0.20351
[INFO] 15:35:09.580 (basetrainer.py:train_and_validate) -- Epoch 11 average validation loss: 0.12931 -- Median validation metrics: avg_loss: 0.12931, NSE: 0.69511, KGE: 0.77584
[INFO] 15:35:09.580 (basetrainer.py:train_and_validate) -- learning rate is [0.000125]
[INFO] 15:36:04.840 (basetrainer.py:train_and_validate) -- Epoch 12 average loss: avg_learning_rate: 0.00013, avg_loss: 0.10897, avg_total_loss: 0.10897
[INFO] 15:36:07.831 (basetrainer.py:train_and_validate) -- Epoch 12 average validation loss: 0.13023 -- Median validation metrics: avg_loss: 0.13023, NSE: 0.69091, KGE: 0.77869
[INFO] 15:36:07.831 (basetrainer.py:train_and_validate) -- learning rate is [6.25e-05]
[INFO] 15:37:04.196 (basetrainer.py:train_and_validate) -- Epoch 13 average loss: avg_learning_rate: 0.00006, avg_loss: 0.11090, avg_total_loss: 0.11090
[INFO] 15:37:07.839 (basetrainer.py:train_and_validate) -- Epoch 13 average validation loss: 0.13017 -- Median validation metrics: avg_loss: 0.13017, NSE: 0.68564, KGE: 0.75497
[INFO] 15:37:07.839 (basetrainer.py:train_and_validate) -- learning rate is [6.25e-05]
[INFO] 15:38:03.441 (basetrainer.py:train_and_validate) -- Epoch 14 average loss: avg_learning_rate: 0.00006, avg_loss: 0.11556, avg_total_loss: 0.11556
[INFO] 15:38:07.696 (basetrainer.py:train_and_validate) -- Epoch 14 average validation loss: 0.12967 -- Median validation metrics: avg_loss: 0.12967, NSE: 0.68229, KGE: 0.77814
[INFO] 15:38:07.697 (basetrainer.py:train_and_validate) -- learning rate is [6.25e-05]
[INFO] 15:39:06.985 (basetrainer.py:train_and_validate) -- Epoch 15 average loss: avg_learning_rate: 0.00006, avg_loss: 0.09672, avg_total_loss: 0.09672
[INFO] 15:39:10.900 (basetrainer.py:train_and_validate) -- Epoch 15 average validation loss: 0.12879 -- Median validation metrics: avg_loss: 0.12879, NSE: 0.68431, KGE: 0.77730
[INFO] 15:39:17.844 (logging_utils.py:setup_logging) -- Logging to /usr/local/google/home/kruparell/flood-forecasting/tutorial/model-runs/5-basin-example_1707_152405/output.log initialized.
[WARNING] 15:39:17.845 (warnings.py:_showwarnmsg) -- /usr/local/google/home/kruparell/miniforge3/envs/googlehydrology/lib/python3.12/site-packages/dask/config.py:786: FutureWarning: Dask configuration key 'shuffle' has been deprecated; please use 'dataframe.shuffle.algorithm' instead
  warnings.warn(

[INFO] 15:39:20.959 (tester.py:_load_weights) -- Using the model weights from /usr/local/google/home/kruparell/flood-forecasting/tutorial/model-runs/5-basin-example_1707_152405/model_epoch015.pt
[INFO] 15:39:35.428 (tester.py:evaluate) -- 1D NSE median=0.536542
[INFO] 15:39:35.428 (tester.py:evaluate) -- 1D KGE median=0.587451
