[INFO] 14:40:41.322 (logging_utils.py:setup_logging) -- Logging to /usr/local/google/home/kruparell/flood-forecasting/tutorial/model-runs/arlstm-local-example_1707_144041/output.log initialized.
[INFO] 14:40:41.322 (basetrainer.py:__init__) -- ### Folder structure created at /usr/local/google/home/kruparell/flood-forecasting/tutorial/model-runs/arlstm-local-example_1707_144041
[INFO] 14:40:41.322 (basetrainer.py:__init__) -- ### Run configurations for arlstm-local-example
[INFO] 14:40:41.322 (basetrainer.py:__init__) -- experiment_name: arlstm-local-example
[INFO] 14:40:41.322 (basetrainer.py:__init__) -- run_dir: /usr/local/google/home/kruparell/flood-forecasting/tutorial/model-runs/arlstm-local-example_1707_144041
[INFO] 14:40:41.322 (basetrainer.py:__init__) -- logging_level: INFO
[INFO] 14:40:41.322 (basetrainer.py:__init__) -- detect_anomaly: False
[INFO] 14:40:41.322 (basetrainer.py:__init__) -- print_warnings_once: False
[INFO] 14:40:41.323 (basetrainer.py:__init__) -- dataset: multimet
[INFO] 14:40:41.323 (basetrainer.py:__init__) -- train_basin_file: /usr/local/google/home/kruparell/flood-forecasting/tutorial/basin-lists/5-basin-train.txt
[INFO] 14:40:41.323 (basetrainer.py:__init__) -- validation_basin_file: /usr/local/google/home/kruparell/flood-forecasting/tutorial/basin-lists/5-basin-train.txt
[INFO] 14:40:41.323 (basetrainer.py:__init__) -- test_basin_file: /usr/local/google/home/kruparell/flood-forecasting/tutorial/basin-lists/8-basin-test.txt
[INFO] 14:40:41.323 (basetrainer.py:__init__) -- targets_data_dir: /usr/local/google/home/kruparell/flood-forecasting/tutorial/Caravan-nc
[INFO] 14:40:41.323 (basetrainer.py:__init__) -- statics_data_dir: /usr/local/google/home/kruparell/flood-forecasting/tutorial/Caravan-nc
[INFO] 14:40:41.323 (basetrainer.py:__init__) -- dynamics_data_dir: /usr/local/google/home/kruparell/Caravans_MultiMet
[INFO] 14:40:41.323 (basetrainer.py:__init__) -- load_as_csv: False
[INFO] 14:40:41.323 (basetrainer.py:__init__) -- train_start_date: 2000-01-01 00:00:00
[INFO] 14:40:41.323 (basetrainer.py:__init__) -- train_end_date: 2010-12-31 00:00:00
[INFO] 14:40:41.323 (basetrainer.py:__init__) -- validation_start_date: 2011-01-01 00:00:00
[INFO] 14:40:41.323 (basetrainer.py:__init__) -- validation_end_date: 2012-12-31 00:00:00
[INFO] 14:40:41.323 (basetrainer.py:__init__) -- test_start_date: 2011-01-01 00:00:00
[INFO] 14:40:41.323 (basetrainer.py:__init__) -- test_end_date: 2012-12-31 00:00:00
[INFO] 14:40:41.323 (basetrainer.py:__init__) -- hindcast_inputs: {'hres': ['hres_temperature_2m', 'hres_total_precipitation'], 'imerg': ['imerg_precipitation'], 'cpc': ['cpc_precipitation']}
[INFO] 14:40:41.323 (basetrainer.py:__init__) -- forecast_inputs: {}
[INFO] 14:40:41.324 (basetrainer.py:__init__) -- autoregressive_inputs: ['streamflow_shift1']
[INFO] 14:40:41.324 (basetrainer.py:__init__) -- dynamic_inputs: ['hres_temperature_2m', 'hres_total_precipitation', 'imerg_precipitation', 'cpc_precipitation']
[INFO] 14:40:41.324 (basetrainer.py:__init__) -- union_mapping: {'cpc_precipitation': 'era5land_total_precipitation', 'imerg_precipitation': 'era5land_total_precipitation', 'hres_temperature_2m': 'era5land_temperature_2m', 'hres_total_precipitation': 'era5land_total_precipitation'}
[INFO] 14:40:41.324 (basetrainer.py:__init__) -- static_attributes: ['area', 'aridity_ERA5_LAND', 'frac_snow', 'p_mean', 'pet_mean_ERA5_LAND']
[INFO] 14:40:41.324 (basetrainer.py:__init__) -- target_variables: ['streamflow']
[INFO] 14:40:41.324 (basetrainer.py:__init__) -- model: arlstm
[INFO] 14:40:41.324 (basetrainer.py:__init__) -- hidden_size: 16
[INFO] 14:40:41.324 (basetrainer.py:__init__) -- head: regression
[INFO] 14:40:41.324 (basetrainer.py:__init__) -- output_activation: linear
[INFO] 14:40:41.324 (basetrainer.py:__init__) -- seq_length: 365
[INFO] 14:40:41.324 (basetrainer.py:__init__) -- timestep_counter: True
[INFO] 14:40:41.324 (basetrainer.py:__init__) -- output_dropout: 0.0
[INFO] 14:40:41.324 (basetrainer.py:__init__) -- initial_forget_bias: 3
[INFO] 14:40:41.324 (basetrainer.py:__init__) -- weight_init_opts: ['lstm-ih-xavier', 'lstm-hh-orthogonal', 'fc-xavier']
[INFO] 14:40:41.325 (basetrainer.py:__init__) -- statics_embedding: {'type': 'fc', 'hiddens': [20], 'activation': ['linear'], 'dropout': 0.0}
[INFO] 14:40:41.325 (basetrainer.py:__init__) -- dynamics_embedding: {'type': 'fc', 'hiddens': [20], 'activation': ['linear'], 'dropout': 0.0}
[INFO] 14:40:41.325 (basetrainer.py:__init__) -- device: cpu
[INFO] 14:40:41.325 (basetrainer.py:__init__) -- seed: 42
[INFO] 14:40:41.325 (basetrainer.py:__init__) -- loss: MSE
[INFO] 14:40:41.325 (basetrainer.py:__init__) -- optimizer: Adam
[INFO] 14:40:41.325 (basetrainer.py:__init__) -- epochs: 5
[INFO] 14:40:41.325 (basetrainer.py:__init__) -- batch_size: 256
[INFO] 14:40:41.325 (basetrainer.py:__init__) -- max_updates_per_epoch: 100
[INFO] 14:40:41.325 (basetrainer.py:__init__) -- learning_rate_strategy: StepLR
[INFO] 14:40:41.325 (basetrainer.py:__init__) -- initial_learning_rate: 0.01
[INFO] 14:40:41.325 (basetrainer.py:__init__) -- learning_rate_drop_factor: 0.5
[INFO] 14:40:41.325 (basetrainer.py:__init__) -- learning_rate_epochs_drop: 2
[INFO] 14:40:41.325 (basetrainer.py:__init__) -- clip_gradient_norm: 1
[INFO] 14:40:41.325 (basetrainer.py:__init__) -- target_noise_std: 0.005
[INFO] 14:40:41.325 (basetrainer.py:__init__) -- metrics: ['NSE']
[INFO] 14:40:41.325 (basetrainer.py:__init__) -- validate_every: 1
[INFO] 14:40:41.326 (basetrainer.py:__init__) -- validate_n_random_basins: -1
[INFO] 14:40:41.326 (basetrainer.py:__init__) -- tester_skip_obs_all_nan: True
[INFO] 14:40:41.326 (basetrainer.py:__init__) -- tester_sample_reduction: median
[INFO] 14:40:41.326 (basetrainer.py:__init__) -- predict_last_n: 1
[INFO] 14:40:41.326 (basetrainer.py:__init__) -- lead_time: 7
[INFO] 14:40:41.326 (basetrainer.py:__init__) -- allzero_samples_are_invalid: False
[INFO] 14:40:41.326 (basetrainer.py:__init__) -- num_workers: 0
[INFO] 14:40:41.326 (basetrainer.py:__init__) -- log_loss_every_nth_update: 10
[INFO] 14:40:41.326 (basetrainer.py:__init__) -- log_n_figures: 0
[INFO] 14:40:41.326 (basetrainer.py:__init__) -- cache: {'enabled': False}
[INFO] 14:40:41.326 (basetrainer.py:__init__) -- number_of_basins: 5
[INFO] 14:40:41.326 (basetrainer.py:__init__) -- train_dir: /usr/local/google/home/kruparell/flood-forecasting/tutorial/model-runs/arlstm-local-example_1707_144041/train_data
[INFO] 14:40:41.326 (basetrainer.py:__init__) -- img_log_dir: /usr/local/google/home/kruparell/flood-forecasting/tutorial/model-runs/arlstm-local-example_1707_144041/img_log
[INFO] 14:40:41.328 (basetrainer.py:_set_device) -- ### Device cpu will be used for training
[WARNING] 14:40:44.770 (basetrainer.py:initialize_training) -- Validation set to validate every 1 epoch(s), but 'validate_n_random_basins' not set or set to zero. Will validate on the entire validation set.
[INFO] 14:40:45.637 (basetrainer.py:train_and_validate) -- learning rate is [0.01]
[INFO] 14:41:41.451 (basetrainer.py:train_and_validate) -- Epoch 1 average loss: avg_loss: 0.29028, avg_total_loss: 0.29028
[ERROR] 14:41:45.326 (logging_utils.py:exception_logging) -- Uncaught exception
Traceback (most recent call last):
  File "/usr/local/google/home/kruparell/flood-forecasting/googlehydrology/run.py", line 273, in <module>
    _main()
  File "/usr/local/google/home/kruparell/flood-forecasting/googlehydrology/run.py", line 120, in _main
    start_run(config=config, gpu=args['gpu'])
  File "/usr/local/google/home/kruparell/flood-forecasting/googlehydrology/run.py", line 164, in start_run
    start_training(config)
  File "/usr/local/google/home/kruparell/flood-forecasting/googlehydrology/training/train.py", line 34, in start_training
    trainer.train_and_validate()
  File "/usr/local/google/home/kruparell/flood-forecasting/googlehydrology/training/basetrainer.py", line 338, in train_and_validate
    self.validator.evaluate(
  File "/usr/local/google/home/kruparell/flood-forecasting/googlehydrology/evaluation/tester.py", line 336, in evaluate
    date_coords = dates[lowest_freq][
                  ^^^^^^^^^^^^^^^^^^^
IndexError: index -8 is out of bounds for axis 1 with size 1
