[INFO] 17:44:02.267 (logging_utils.py:setup_logging) -- Logging to /usr/local/google/home/kruparell/flood-forecasting/tutorial/model-runs/5-basin-example_1707_174107/finetune-camels_13235000_1707_174402/output.log initialized.
[INFO] 17:44:02.267 (basetrainer.py:__init__) -- ### Folder structure created at /usr/local/google/home/kruparell/flood-forecasting/tutorial/model-runs/5-basin-example_1707_174107/finetune-camels_13235000_1707_174402
[INFO] 17:44:02.267 (basetrainer.py:__init__) -- ### Start finetuning with pretrained model stored in /usr/local/google/home/kruparell/flood-forecasting/tutorial/model-runs/5-basin-example_1707_174107
[INFO] 17:44:02.267 (basetrainer.py:__init__) -- ### Run configurations for finetune-camels_13235000
[INFO] 17:44:02.267 (basetrainer.py:__init__) -- allzero_samples_are_invalid: False
[INFO] 17:44:02.268 (basetrainer.py:__init__) -- batch_size: 256
[INFO] 17:44:02.268 (basetrainer.py:__init__) -- cache: {'enabled': True, 'byte_limit': 10000000000}
[INFO] 17:44:02.268 (basetrainer.py:__init__) -- clip_gradient_norm: 1
[INFO] 17:44:02.268 (basetrainer.py:__init__) -- clip_targets_to_zero: ['streamflow']
[INFO] 17:44:02.268 (basetrainer.py:__init__) -- commit_hash: ed2dfd3
[INFO] 17:44:02.268 (basetrainer.py:__init__) -- dataset: multimet
[INFO] 17:44:02.268 (basetrainer.py:__init__) -- detect_anomaly: False
[INFO] 17:44:02.268 (basetrainer.py:__init__) -- device: cpu
[INFO] 17:44:02.268 (basetrainer.py:__init__) -- dynamics_data_dir: /usr/local/google/home/kruparell/Caravans_MultiMet
[INFO] 17:44:02.268 (basetrainer.py:__init__) -- epochs: 25
[INFO] 17:44:02.268 (basetrainer.py:__init__) -- experiment_name: finetune-camels_13235000
[INFO] 17:44:02.268 (basetrainer.py:__init__) -- forecast_embedding: {'type': 'fc', 'hiddens': [20, 20, 20, 20], 'activation': ['tanh', 'tanh', 'tanh', 'linear'], 'dropout': 0.0}
[INFO] 17:44:02.268 (basetrainer.py:__init__) -- forecast_inputs: {'hres': ['hres_temperature_2m', 'hres_total_precipitation'], 'graphcast': ['graphcast_temperature_2m', 'graphcast_total_precipitation']}
[INFO] 17:44:02.268 (basetrainer.py:__init__) -- forecast_overlap: 365
[INFO] 17:44:02.268 (basetrainer.py:__init__) -- head: regression
[INFO] 17:44:02.268 (basetrainer.py:__init__) -- hidden_size: 16
[INFO] 17:44:02.268 (basetrainer.py:__init__) -- hindcast_embedding: {'type': 'fc', 'hiddens': [100, 20], 'activation': ['tanh', 'linear'], 'dropout': 0.0}
[INFO] 17:44:02.269 (basetrainer.py:__init__) -- hindcast_inputs: {'hres': ['hres_temperature_2m', 'hres_total_precipitation'], 'imerg': ['imerg_precipitation'], 'cpc': ['cpc_precipitation']}
[INFO] 17:44:02.269 (basetrainer.py:__init__) -- img_log_dir: /usr/local/google/home/kruparell/flood-forecasting/tutorial/model-runs/5-basin-example_1707_174107/finetune-camels_13235000_1707_174402/img_log
[INFO] 17:44:02.269 (basetrainer.py:__init__) -- initial_forget_bias: 3
[INFO] 17:44:02.269 (basetrainer.py:__init__) -- initial_learning_rate: 0.005
[INFO] 17:44:02.269 (basetrainer.py:__init__) -- lead_time: 7
[INFO] 17:44:02.269 (basetrainer.py:__init__) -- learning_rate_drop_factor: 0.9
[INFO] 17:44:02.269 (basetrainer.py:__init__) -- learning_rate_epochs_drop: 5
[INFO] 17:44:02.269 (basetrainer.py:__init__) -- learning_rate_strategy: StepLR
[INFO] 17:44:02.269 (basetrainer.py:__init__) -- load_as_csv: False
[INFO] 17:44:02.269 (basetrainer.py:__init__) -- log_loss_every_nth_update: 50
[INFO] 17:44:02.269 (basetrainer.py:__init__) -- log_n_figures: 0
[INFO] 17:44:02.269 (basetrainer.py:__init__) -- logging_level: INFO
[INFO] 17:44:02.269 (basetrainer.py:__init__) -- loss: MSE
[INFO] 17:44:02.269 (basetrainer.py:__init__) -- max_updates_per_epoch: -1
[INFO] 17:44:02.269 (basetrainer.py:__init__) -- metrics: ['NSE', 'KGE']
[INFO] 17:44:02.269 (basetrainer.py:__init__) -- model: mean_embedding_forecast_lstm
[INFO] 17:44:02.269 (basetrainer.py:__init__) -- num_workers: 2
[INFO] 17:44:02.269 (basetrainer.py:__init__) -- number_of_basins: 1
[INFO] 17:44:02.270 (basetrainer.py:__init__) -- optimizer: Adam
[INFO] 17:44:02.270 (basetrainer.py:__init__) -- output_activation: linear
[INFO] 17:44:02.270 (basetrainer.py:__init__) -- output_dropout: 0.4
[INFO] 17:44:02.270 (basetrainer.py:__init__) -- package_version: 1.12.0
[INFO] 17:44:02.270 (basetrainer.py:__init__) -- predict_last_n: 8
[INFO] 17:44:02.270 (basetrainer.py:__init__) -- print_warnings_once: False
[INFO] 17:44:02.270 (basetrainer.py:__init__) -- run_dir: /usr/local/google/home/kruparell/flood-forecasting/tutorial/model-runs/5-basin-example_1707_174107/finetune-camels_13235000_1707_174402
[INFO] 17:44:02.270 (basetrainer.py:__init__) -- seed: 42
[INFO] 17:44:02.270 (basetrainer.py:__init__) -- seq_length: 365
[INFO] 17:44:02.270 (basetrainer.py:__init__) -- static_attributes: ['area', 'aridity_ERA5_LAND', 'aridity_FAO_PM', 'frac_snow', 'moisture_index_ERA5_LAND', 'moisture_index_FAO_PM', 'p_mean', 'pet_mean_ERA5_LAND', 'pet_mean_FAO_PM']
[INFO] 17:44:02.270 (basetrainer.py:__init__) -- statics_data_dir: /usr/local/google/home/kruparell/flood-forecasting/tutorial/Caravan-nc
[INFO] 17:44:02.270 (basetrainer.py:__init__) -- statics_embedding: {'type': 'fc', 'hiddens': [100, 100, 20], 'activation': ['tanh', 'tanh', 'linear'], 'dropout': 0.0}
[INFO] 17:44:02.270 (basetrainer.py:__init__) -- target_noise_std: 0.005
[INFO] 17:44:02.270 (basetrainer.py:__init__) -- target_variables: ['streamflow']
[INFO] 17:44:02.270 (basetrainer.py:__init__) -- targets_data_dir: /usr/local/google/home/kruparell/flood-forecasting/tutorial/Caravan-nc
[INFO] 17:44:02.270 (basetrainer.py:__init__) -- test_basin_file: /usr/local/google/home/kruparell/flood-forecasting/tutorial/basin-lists/8-basin-test.txt
[INFO] 17:44:02.270 (basetrainer.py:__init__) -- test_end_date: 2024-12-31 00:00:00
[INFO] 17:44:02.271 (basetrainer.py:__init__) -- test_start_date: 2022-01-01 00:00:00
[INFO] 17:44:02.271 (basetrainer.py:__init__) -- tester_sample_reduction: median
[INFO] 17:44:02.271 (basetrainer.py:__init__) -- tester_skip_obs_all_nan: True
[INFO] 17:44:02.271 (basetrainer.py:__init__) -- timestep_counter: True
[INFO] 17:44:02.271 (basetrainer.py:__init__) -- train_basin_file: /usr/local/google/home/kruparell/flood-forecasting/tutorial/basin-lists/camels_13235000.txt
[INFO] 17:44:02.271 (basetrainer.py:__init__) -- train_dir: /usr/local/google/home/kruparell/flood-forecasting/tutorial/model-runs/5-basin-example_1707_174107/finetune-camels_13235000_1707_174402/train_data
[INFO] 17:44:02.271 (basetrainer.py:__init__) -- train_end_date: 2020-12-31 00:00:00
[INFO] 17:44:02.271 (basetrainer.py:__init__) -- train_start_date: 2000-01-01 00:00:00
[INFO] 17:44:02.271 (basetrainer.py:__init__) -- union_mapping: {'cpc_precipitation': 'era5land_total_precipitation', 'imerg_precipitation': 'era5land_total_precipitation', 'graphcast_temperature_2m': 'era5land_temperature_2m', 'graphcast_total_precipitation': 'era5land_total_precipitation', 'hres_temperature_2m': 'era5land_temperature_2m', 'hres_total_precipitation': 'era5land_total_precipitation'}
[INFO] 17:44:02.271 (basetrainer.py:__init__) -- validate_every: 1
[INFO] 17:44:02.271 (basetrainer.py:__init__) -- validate_n_random_basins: -1
[INFO] 17:44:02.271 (basetrainer.py:__init__) -- validation_basin_file: /usr/local/google/home/kruparell/flood-forecasting/tutorial/basin-lists/camels_13235000.txt
[INFO] 17:44:02.271 (basetrainer.py:__init__) -- validation_end_date: 2024-12-31 00:00:00
[INFO] 17:44:02.271 (basetrainer.py:__init__) -- validation_start_date: 2022-01-01 00:00:00
[INFO] 17:44:02.271 (basetrainer.py:__init__) -- weight_init_opts: ['lstm-ih-xavier', 'lstm-hh-orthogonal', 'fc-xavier']
[INFO] 17:44:02.272 (basetrainer.py:__init__) -- base_run_dir: /usr/local/google/home/kruparell/flood-forecasting/tutorial/model-runs/5-basin-example_1707_174107
[INFO] 17:44:02.272 (basetrainer.py:__init__) -- finetune_modules: ['static_attributes_fc', 'head']
[INFO] 17:44:02.272 (basetrainer.py:__init__) -- is_finetuning: True
[INFO] 17:44:02.272 (basetrainer.py:__init__) -- is_continue_training: False
[INFO] 17:44:02.274 (basetrainer.py:_set_device) -- ### Device cpu will be used for training
[INFO] 17:44:04.915 (basetrainer.py:initialize_training) -- Starting training from checkpoint /usr/local/google/home/kruparell/flood-forecasting/tutorial/model-runs/5-basin-example_1707_174107/model_epoch002.pt
[WARNING] 17:44:04.920 (basetrainer.py:_freeze_model_parts) -- Could not resolve the following module parts for finetuning: ['static_attributes_fc']
[WARNING] 17:44:04.944 (basetrainer.py:initialize_training) -- Validation set to validate every 1 epoch(s), but 'validate_n_random_basins' not set or set to zero. Will validate on the entire validation set.
[INFO] 17:44:06.559 (basetrainer.py:train_and_validate) -- learning rate is [0.005]
[INFO] 17:44:21.848 (basetrainer.py:train_and_validate) -- Epoch 1 average loss: avg_loss: 0.06811, avg_total_loss: 0.06811
[INFO] 17:44:25.352 (basetrainer.py:train_and_validate) -- Epoch 1 average validation loss: 0.01782 -- Median validation metrics: avg_loss: 0.01782, NSE: 0.70182, KGE: 0.73657
[INFO] 17:44:25.352 (basetrainer.py:train_and_validate) -- learning rate is [0.005]
[INFO] 17:44:31.260 (basetrainer.py:train_and_validate) -- Epoch 2 average loss: avg_learning_rate: 0.00500, avg_loss: 0.02753, avg_total_loss: 0.02753
[INFO] 17:44:32.930 (basetrainer.py:train_and_validate) -- Epoch 2 average validation loss: 0.01415 -- Median validation metrics: avg_loss: 0.01415, NSE: 0.76205, KGE: 0.73974
[INFO] 17:44:32.940 (basetrainer.py:train_and_validate) -- learning rate is [0.005]
[INFO] 17:44:37.901 (basetrainer.py:train_and_validate) -- Epoch 3 average loss: avg_learning_rate: 0.00500, avg_loss: 0.02261, avg_total_loss: 0.02261
[INFO] 17:44:38.705 (basetrainer.py:train_and_validate) -- Epoch 3 average validation loss: 0.01244 -- Median validation metrics: avg_loss: 0.01244, NSE: 0.78764, KGE: 0.75901
[INFO] 17:44:38.706 (basetrainer.py:train_and_validate) -- learning rate is [0.005]
[INFO] 17:44:44.758 (basetrainer.py:train_and_validate) -- Epoch 4 average loss: avg_learning_rate: 0.00500, avg_loss: 0.02357, avg_total_loss: 0.02357
[INFO] 17:44:45.570 (basetrainer.py:train_and_validate) -- Epoch 4 average validation loss: 0.01235 -- Median validation metrics: avg_loss: 0.01235, NSE: 0.78651, KGE: 0.72908
[INFO] 17:44:45.570 (basetrainer.py:train_and_validate) -- learning rate is [0.005]
[INFO] 17:44:51.459 (basetrainer.py:train_and_validate) -- Epoch 5 average loss: avg_learning_rate: 0.00500, avg_loss: 0.02365, avg_total_loss: 0.02365
[INFO] 17:44:52.280 (basetrainer.py:train_and_validate) -- Epoch 5 average validation loss: 0.01194 -- Median validation metrics: avg_loss: 0.01194, NSE: 0.79259, KGE: 0.73527
[INFO] 17:44:52.280 (basetrainer.py:train_and_validate) -- learning rate is [0.0045000000000000005]
[INFO] 17:44:58.156 (basetrainer.py:train_and_validate) -- Epoch 6 average loss: avg_learning_rate: 0.00450, avg_loss: 0.01889, avg_total_loss: 0.01889
[INFO] 17:44:58.956 (basetrainer.py:train_and_validate) -- Epoch 6 average validation loss: 0.01166 -- Median validation metrics: avg_loss: 0.01166, NSE: 0.79733, KGE: 0.74377
[INFO] 17:44:58.956 (basetrainer.py:train_and_validate) -- learning rate is [0.0045000000000000005]
[INFO] 17:45:05.290 (basetrainer.py:train_and_validate) -- Epoch 7 average loss: avg_learning_rate: 0.00450, avg_loss: 0.02415, avg_total_loss: 0.02415
[INFO] 17:45:06.122 (basetrainer.py:train_and_validate) -- Epoch 7 average validation loss: 0.01177 -- Median validation metrics: avg_loss: 0.01177, NSE: 0.79421, KGE: 0.72934
[INFO] 17:45:06.123 (basetrainer.py:train_and_validate) -- learning rate is [0.0045000000000000005]
[INFO] 17:45:12.990 (basetrainer.py:train_and_validate) -- Epoch 8 average loss: avg_learning_rate: 0.00450, avg_loss: 0.02419, avg_total_loss: 0.02419
[INFO] 17:45:12.900 (basetrainer.py:train_and_validate) -- Epoch 8 average validation loss: 0.01184 -- Median validation metrics: avg_loss: 0.01184, NSE: 0.79321, KGE: 0.72211
[INFO] 17:45:12.901 (basetrainer.py:train_and_validate) -- learning rate is [0.0045000000000000005]
[INFO] 17:45:18.765 (basetrainer.py:train_and_validate) -- Epoch 9 average loss: avg_learning_rate: 0.00450, avg_loss: 0.02090, avg_total_loss: 0.02090
[INFO] 17:45:19.568 (basetrainer.py:train_and_validate) -- Epoch 9 average validation loss: 0.01157 -- Median validation metrics: avg_loss: 0.01157, NSE: 0.79716, KGE: 0.73049
[INFO] 17:45:19.568 (basetrainer.py:train_and_validate) -- learning rate is [0.0045000000000000005]
[INFO] 17:45:25.522 (basetrainer.py:train_and_validate) -- Epoch 10 average loss: avg_learning_rate: 0.00450, avg_loss: 0.02673, avg_total_loss: 0.02673
[INFO] 17:45:26.349 (basetrainer.py:train_and_validate) -- Epoch 10 average validation loss: 0.01132 -- Median validation metrics: avg_loss: 0.01132, NSE: 0.80195, KGE: 0.74275
[INFO] 17:45:26.349 (basetrainer.py:train_and_validate) -- learning rate is [0.004050000000000001]
[INFO] 17:45:32.703 (basetrainer.py:train_and_validate) -- Epoch 11 average loss: avg_learning_rate: 0.00405, avg_loss: 0.01854, avg_total_loss: 0.01854
[INFO] 17:45:33.523 (basetrainer.py:train_and_validate) -- Epoch 11 average validation loss: 0.01113 -- Median validation metrics: avg_loss: 0.01113, NSE: 0.80581, KGE: 0.75143
[INFO] 17:45:33.523 (basetrainer.py:train_and_validate) -- learning rate is [0.004050000000000001]
[INFO] 17:45:39.498 (basetrainer.py:train_and_validate) -- Epoch 12 average loss: avg_learning_rate: 0.00405, avg_loss: 0.02189, avg_total_loss: 0.02189
[INFO] 17:45:40.313 (basetrainer.py:train_and_validate) -- Epoch 12 average validation loss: 0.01150 -- Median validation metrics: avg_loss: 0.01150, NSE: 0.79875, KGE: 0.73325
[INFO] 17:45:40.314 (basetrainer.py:train_and_validate) -- learning rate is [0.004050000000000001]
[INFO] 17:45:46.222 (basetrainer.py:train_and_validate) -- Epoch 13 average loss: avg_learning_rate: 0.00405, avg_loss: 0.02521, avg_total_loss: 0.02521
[INFO] 17:45:47.680 (basetrainer.py:train_and_validate) -- Epoch 13 average validation loss: 0.01163 -- Median validation metrics: avg_loss: 0.01163, NSE: 0.79564, KGE: 0.72094
[INFO] 17:45:47.680 (basetrainer.py:train_and_validate) -- learning rate is [0.004050000000000001]
[INFO] 17:45:53.840 (basetrainer.py:train_and_validate) -- Epoch 14 average loss: avg_learning_rate: 0.00405, avg_loss: 0.02134, avg_total_loss: 0.02134
[INFO] 17:45:53.884 (basetrainer.py:train_and_validate) -- Epoch 14 average validation loss: 0.01105 -- Median validation metrics: avg_loss: 0.01105, NSE: 0.80757, KGE: 0.75771
[INFO] 17:45:53.885 (basetrainer.py:train_and_validate) -- learning rate is [0.004050000000000001]
[INFO] 17:46:00.500 (basetrainer.py:train_and_validate) -- Epoch 15 average loss: avg_learning_rate: 0.00405, avg_loss: 0.02163, avg_total_loss: 0.02163
[INFO] 17:46:00.825 (basetrainer.py:train_and_validate) -- Epoch 15 average validation loss: 0.01134 -- Median validation metrics: avg_loss: 0.01134, NSE: 0.80152, KGE: 0.73353
[INFO] 17:46:00.825 (basetrainer.py:train_and_validate) -- learning rate is [0.0036450000000000007]
[INFO] 17:46:06.817 (basetrainer.py:train_and_validate) -- Epoch 16 average loss: avg_learning_rate: 0.00365, avg_loss: 0.01699, avg_total_loss: 0.01699
[INFO] 17:46:07.637 (basetrainer.py:train_and_validate) -- Epoch 16 average validation loss: 0.01130 -- Median validation metrics: avg_loss: 0.01130, NSE: 0.80233, KGE: 0.74027
[INFO] 17:46:07.637 (basetrainer.py:train_and_validate) -- learning rate is [0.0036450000000000007]
[INFO] 17:46:13.678 (basetrainer.py:train_and_validate) -- Epoch 17 average loss: avg_learning_rate: 0.00365, avg_loss: 0.02003, avg_total_loss: 0.02003
[INFO] 17:46:14.481 (basetrainer.py:train_and_validate) -- Epoch 17 average validation loss: 0.01120 -- Median validation metrics: avg_loss: 0.01120, NSE: 0.80480, KGE: 0.75092
[INFO] 17:46:14.482 (basetrainer.py:train_and_validate) -- learning rate is [0.0036450000000000007]
[INFO] 17:46:20.431 (basetrainer.py:train_and_validate) -- Epoch 18 average loss: avg_learning_rate: 0.00365, avg_loss: 0.01828, avg_total_loss: 0.01828
[INFO] 17:46:21.226 (basetrainer.py:train_and_validate) -- Epoch 18 average validation loss: 0.01122 -- Median validation metrics: avg_loss: 0.01122, NSE: 0.80381, KGE: 0.74773
[INFO] 17:46:21.226 (basetrainer.py:train_and_validate) -- learning rate is [0.0036450000000000007]
[INFO] 17:46:27.760 (basetrainer.py:train_and_validate) -- Epoch 19 average loss: avg_learning_rate: 0.00365, avg_loss: 0.02179, avg_total_loss: 0.02179
[INFO] 17:46:27.856 (basetrainer.py:train_and_validate) -- Epoch 19 average validation loss: 0.01175 -- Median validation metrics: avg_loss: 0.01175, NSE: 0.79378, KGE: 0.71970
[INFO] 17:46:27.857 (basetrainer.py:train_and_validate) -- learning rate is [0.0036450000000000007]
[INFO] 17:46:33.841 (basetrainer.py:train_and_validate) -- Epoch 20 average loss: avg_learning_rate: 0.00365, avg_loss: 0.02067, avg_total_loss: 0.02067
[INFO] 17:46:34.650 (basetrainer.py:train_and_validate) -- Epoch 20 average validation loss: 0.01101 -- Median validation metrics: avg_loss: 0.01101, NSE: 0.80845, KGE: 0.76716
[INFO] 17:46:34.650 (basetrainer.py:train_and_validate) -- learning rate is [0.003280500000000001]
[INFO] 17:46:40.650 (basetrainer.py:train_and_validate) -- Epoch 21 average loss: avg_learning_rate: 0.00328, avg_loss: 0.02375, avg_total_loss: 0.02375
[INFO] 17:46:41.454 (basetrainer.py:train_and_validate) -- Epoch 21 average validation loss: 0.01164 -- Median validation metrics: avg_loss: 0.01164, NSE: 0.79574, KGE: 0.72275
[INFO] 17:46:41.454 (basetrainer.py:train_and_validate) -- learning rate is [0.003280500000000001]
[INFO] 17:46:47.397 (basetrainer.py:train_and_validate) -- Epoch 22 average loss: avg_learning_rate: 0.00328, avg_loss: 0.02076, avg_total_loss: 0.02076
[INFO] 17:46:48.199 (basetrainer.py:train_and_validate) -- Epoch 22 average validation loss: 0.01154 -- Median validation metrics: avg_loss: 0.01154, NSE: 0.79768, KGE: 0.73052
[INFO] 17:46:48.199 (basetrainer.py:train_and_validate) -- learning rate is [0.003280500000000001]
[INFO] 17:46:54.147 (basetrainer.py:train_and_validate) -- Epoch 23 average loss: avg_learning_rate: 0.00328, avg_loss: 0.02136, avg_total_loss: 0.02136
[INFO] 17:46:54.927 (basetrainer.py:train_and_validate) -- Epoch 23 average validation loss: 0.01104 -- Median validation metrics: avg_loss: 0.01104, NSE: 0.80772, KGE: 0.76056
[INFO] 17:46:54.928 (basetrainer.py:train_and_validate) -- learning rate is [0.003280500000000001]
[INFO] 17:47:00.861 (basetrainer.py:train_and_validate) -- Epoch 24 average loss: avg_learning_rate: 0.00328, avg_loss: 0.02103, avg_total_loss: 0.02103
[INFO] 17:47:01.669 (basetrainer.py:train_and_validate) -- Epoch 24 average validation loss: 0.01119 -- Median validation metrics: avg_loss: 0.01119, NSE: 0.80434, KGE: 0.74178
[INFO] 17:47:01.670 (basetrainer.py:train_and_validate) -- learning rate is [0.003280500000000001]
[INFO] 17:47:07.664 (basetrainer.py:train_and_validate) -- Epoch 25 average loss: avg_learning_rate: 0.00328, avg_loss: 0.01894, avg_total_loss: 0.01894
[INFO] 17:47:08.467 (basetrainer.py:train_and_validate) -- Epoch 25 average validation loss: 0.01116 -- Median validation metrics: avg_loss: 0.01116, NSE: 0.80393, KGE: 0.74096
[INFO] 17:47:15.310 (logging_utils.py:setup_logging) -- Logging to /usr/local/google/home/kruparell/flood-forecasting/tutorial/model-runs/5-basin-example_1707_174107/finetune-camels_13235000_1707_174402/output.log initialized.
[WARNING] 17:47:15.311 (warnings.py:_showwarnmsg) -- /usr/local/google/home/kruparell/miniforge3/envs/googlehydrology/lib/python3.12/site-packages/dask/config.py:786: FutureWarning: Dask configuration key 'shuffle' has been deprecated; please use 'dataframe.shuffle.algorithm' instead
  warnings.warn(

[INFO] 17:47:18.405 (tester.py:_load_weights) -- Using the model weights from /usr/local/google/home/kruparell/flood-forecasting/tutorial/model-runs/5-basin-example_1707_174107/finetune-camels_13235000_1707_174402/model_epoch025.pt
[INFO] 17:47:32.302 (tester.py:evaluate) -- 1D NSE median=0.159317
[INFO] 17:47:32.303 (tester.py:evaluate) -- 1D KGE median=0.084753
