[INFO] 15:39:48.997 (logging_utils.py:setup_logging) -- Logging to /usr/local/google/home/kruparell/flood-forecasting/tutorial/model-runs/5-basin-example_1707_152405/finetune-camels_04115265_1707_153948/output.log initialized.
[INFO] 15:39:48.998 (basetrainer.py:__init__) -- ### Folder structure created at /usr/local/google/home/kruparell/flood-forecasting/tutorial/model-runs/5-basin-example_1707_152405/finetune-camels_04115265_1707_153948
[INFO] 15:39:48.998 (basetrainer.py:__init__) -- ### Start finetuning with pretrained model stored in /usr/local/google/home/kruparell/flood-forecasting/tutorial/model-runs/5-basin-example_1707_152405
[INFO] 15:39:48.998 (basetrainer.py:__init__) -- ### Run configurations for finetune-camels_04115265
[INFO] 15:39:48.998 (basetrainer.py:__init__) -- allzero_samples_are_invalid: False
[INFO] 15:39:48.998 (basetrainer.py:__init__) -- batch_size: 256
[INFO] 15:39:48.998 (basetrainer.py:__init__) -- cache: {'enabled': True, 'byte_limit': 10000000000}
[INFO] 15:39:48.998 (basetrainer.py:__init__) -- clip_gradient_norm: 1
[INFO] 15:39:48.998 (basetrainer.py:__init__) -- clip_targets_to_zero: ['streamflow']
[INFO] 15:39:48.998 (basetrainer.py:__init__) -- commit_hash: ed2dfd3
[INFO] 15:39:48.998 (basetrainer.py:__init__) -- dataset: multimet
[INFO] 15:39:48.998 (basetrainer.py:__init__) -- detect_anomaly: False
[INFO] 15:39:48.998 (basetrainer.py:__init__) -- device: cpu
[INFO] 15:39:48.998 (basetrainer.py:__init__) -- dynamics_data_dir: /usr/local/google/home/kruparell/Caravans_MultiMet
[INFO] 15:39:48.998 (basetrainer.py:__init__) -- epochs: 25
[INFO] 15:39:48.998 (basetrainer.py:__init__) -- experiment_name: finetune-camels_04115265
[INFO] 15:39:48.999 (basetrainer.py:__init__) -- forecast_embedding: {'type': 'fc', 'hiddens': [20, 20, 20, 20], 'activation': ['tanh', 'tanh', 'tanh', 'linear'], 'dropout': 0.0}
[INFO] 15:39:48.999 (basetrainer.py:__init__) -- forecast_inputs: {'hres': ['hres_temperature_2m', 'hres_total_precipitation'], 'graphcast': ['graphcast_temperature_2m', 'graphcast_total_precipitation']}
[INFO] 15:39:48.999 (basetrainer.py:__init__) -- forecast_overlap: 365
[INFO] 15:39:48.999 (basetrainer.py:__init__) -- head: regression
[INFO] 15:39:48.999 (basetrainer.py:__init__) -- hidden_size: 16
[INFO] 15:39:48.999 (basetrainer.py:__init__) -- hindcast_embedding: {'type': 'fc', 'hiddens': [100, 20], 'activation': ['tanh', 'linear'], 'dropout': 0.0}
[INFO] 15:39:48.999 (basetrainer.py:__init__) -- hindcast_inputs: {'hres': ['hres_temperature_2m', 'hres_total_precipitation'], 'imerg': ['imerg_precipitation'], 'cpc': ['cpc_precipitation']}
[INFO] 15:39:48.999 (basetrainer.py:__init__) -- img_log_dir: /usr/local/google/home/kruparell/flood-forecasting/tutorial/model-runs/5-basin-example_1707_152405/finetune-camels_04115265_1707_153948/img_log
[INFO] 15:39:48.999 (basetrainer.py:__init__) -- initial_forget_bias: 3
[INFO] 15:39:48.999 (basetrainer.py:__init__) -- initial_learning_rate: 0.005
[INFO] 15:39:48.999 (basetrainer.py:__init__) -- lead_time: 7
[INFO] 15:39:48.999 (basetrainer.py:__init__) -- learning_rate_drop_factor: 0.9
[INFO] 15:39:48.999 (basetrainer.py:__init__) -- learning_rate_epochs_drop: 5
[INFO] 15:39:48.999 (basetrainer.py:__init__) -- learning_rate_strategy: StepLR
[INFO] 15:39:48.999 (basetrainer.py:__init__) -- load_as_csv: False
[INFO] 15:39:48.999 (basetrainer.py:__init__) -- log_loss_every_nth_update: 50
[INFO] 15:39:48.999 (basetrainer.py:__init__) -- log_n_figures: 0
[INFO] 15:39:48.999 (basetrainer.py:__init__) -- logging_level: INFO
[INFO] 15:39:48.999 (basetrainer.py:__init__) -- loss: MSE
[INFO] 15:39:49.000 (basetrainer.py:__init__) -- max_updates_per_epoch: -1
[INFO] 15:39:49.000 (basetrainer.py:__init__) -- metrics: ['NSE', 'KGE']
[INFO] 15:39:49.000 (basetrainer.py:__init__) -- model: mean_embedding_forecast_lstm
[INFO] 15:39:49.000 (basetrainer.py:__init__) -- num_workers: 2
[INFO] 15:39:49.000 (basetrainer.py:__init__) -- number_of_basins: 1
[INFO] 15:39:49.000 (basetrainer.py:__init__) -- optimizer: Adam
[INFO] 15:39:49.000 (basetrainer.py:__init__) -- output_activation: linear
[INFO] 15:39:49.000 (basetrainer.py:__init__) -- output_dropout: 0.4
[INFO] 15:39:49.000 (basetrainer.py:__init__) -- package_version: 1.12.0
[INFO] 15:39:49.000 (basetrainer.py:__init__) -- predict_last_n: 8
[INFO] 15:39:49.000 (basetrainer.py:__init__) -- print_warnings_once: False
[INFO] 15:39:49.000 (basetrainer.py:__init__) -- run_dir: /usr/local/google/home/kruparell/flood-forecasting/tutorial/model-runs/5-basin-example_1707_152405/finetune-camels_04115265_1707_153948
[INFO] 15:39:49.000 (basetrainer.py:__init__) -- seed: 42
[INFO] 15:39:49.000 (basetrainer.py:__init__) -- seq_length: 365
[INFO] 15:39:49.000 (basetrainer.py:__init__) -- static_attributes: ['area', 'aridity_ERA5_LAND', 'aridity_FAO_PM', 'frac_snow', 'moisture_index_ERA5_LAND', 'moisture_index_FAO_PM', 'p_mean', 'pet_mean_ERA5_LAND', 'pet_mean_FAO_PM']
[INFO] 15:39:49.000 (basetrainer.py:__init__) -- statics_data_dir: /usr/local/google/home/kruparell/flood-forecasting/tutorial/Caravan-nc
[INFO] 15:39:49.000 (basetrainer.py:__init__) -- statics_embedding: {'type': 'fc', 'hiddens': [100, 100, 20], 'activation': ['tanh', 'tanh', 'linear'], 'dropout': 0.0}
[INFO] 15:39:49.000 (basetrainer.py:__init__) -- target_noise_std: 0.005
[INFO] 15:39:49.000 (basetrainer.py:__init__) -- target_variables: ['streamflow']
[INFO] 15:39:49.100 (basetrainer.py:__init__) -- targets_data_dir: /usr/local/google/home/kruparell/flood-forecasting/tutorial/Caravan-nc
[INFO] 15:39:49.100 (basetrainer.py:__init__) -- test_basin_file: /usr/local/google/home/kruparell/flood-forecasting/tutorial/basin-lists/8-basin-test.txt
[INFO] 15:39:49.100 (basetrainer.py:__init__) -- test_end_date: 2024-12-31 00:00:00
[INFO] 15:39:49.100 (basetrainer.py:__init__) -- test_start_date: 2022-01-01 00:00:00
[INFO] 15:39:49.100 (basetrainer.py:__init__) -- tester_sample_reduction: median
[INFO] 15:39:49.100 (basetrainer.py:__init__) -- tester_skip_obs_all_nan: True
[INFO] 15:39:49.100 (basetrainer.py:__init__) -- timestep_counter: True
[INFO] 15:39:49.100 (basetrainer.py:__init__) -- train_basin_file: /usr/local/google/home/kruparell/flood-forecasting/tutorial/basin-lists/camels_04115265.txt
[INFO] 15:39:49.100 (basetrainer.py:__init__) -- train_dir: /usr/local/google/home/kruparell/flood-forecasting/tutorial/model-runs/5-basin-example_1707_152405/finetune-camels_04115265_1707_153948/train_data
[INFO] 15:39:49.100 (basetrainer.py:__init__) -- train_end_date: 2020-12-31 00:00:00
[INFO] 15:39:49.100 (basetrainer.py:__init__) -- train_start_date: 2000-01-01 00:00:00
[INFO] 15:39:49.100 (basetrainer.py:__init__) -- union_mapping: {'cpc_precipitation': 'era5land_total_precipitation', 'imerg_precipitation': 'era5land_total_precipitation', 'graphcast_temperature_2m': 'era5land_temperature_2m', 'graphcast_total_precipitation': 'era5land_total_precipitation', 'hres_temperature_2m': 'era5land_temperature_2m', 'hres_total_precipitation': 'era5land_total_precipitation'}
[INFO] 15:39:49.100 (basetrainer.py:__init__) -- validate_every: 1
[INFO] 15:39:49.100 (basetrainer.py:__init__) -- validate_n_random_basins: -1
[INFO] 15:39:49.100 (basetrainer.py:__init__) -- validation_basin_file: /usr/local/google/home/kruparell/flood-forecasting/tutorial/basin-lists/camels_04115265.txt
[INFO] 15:39:49.100 (basetrainer.py:__init__) -- validation_end_date: 2024-12-31 00:00:00
[INFO] 15:39:49.200 (basetrainer.py:__init__) -- validation_start_date: 2022-01-01 00:00:00
[INFO] 15:39:49.200 (basetrainer.py:__init__) -- weight_init_opts: ['lstm-ih-xavier', 'lstm-hh-orthogonal', 'fc-xavier']
[INFO] 15:39:49.200 (basetrainer.py:__init__) -- base_run_dir: /usr/local/google/home/kruparell/flood-forecasting/tutorial/model-runs/5-basin-example_1707_152405
[INFO] 15:39:49.200 (basetrainer.py:__init__) -- finetune_modules: ['static_attributes_fc', 'head']
[INFO] 15:39:49.200 (basetrainer.py:__init__) -- is_finetuning: True
[INFO] 15:39:49.200 (basetrainer.py:__init__) -- is_continue_training: False
[INFO] 15:39:49.600 (basetrainer.py:_set_device) -- ### Device cpu will be used for training
[INFO] 15:39:51.711 (basetrainer.py:initialize_training) -- Starting training from checkpoint /usr/local/google/home/kruparell/flood-forecasting/tutorial/model-runs/5-basin-example_1707_152405/model_epoch015.pt
[WARNING] 15:39:51.716 (basetrainer.py:_freeze_model_parts) -- Could not resolve the following module parts for finetuning: ['static_attributes_fc']
[WARNING] 15:39:51.740 (basetrainer.py:initialize_training) -- Validation set to validate every 1 epoch(s), but 'validate_n_random_basins' not set or set to zero. Will validate on the entire validation set.
[INFO] 15:39:53.376 (basetrainer.py:train_and_validate) -- learning rate is [0.005]
[INFO] 15:40:18.425 (basetrainer.py:train_and_validate) -- Epoch 1 average loss: avg_loss: 0.14286, avg_total_loss: 0.14286
[INFO] 15:40:21.831 (basetrainer.py:train_and_validate) -- Epoch 1 average validation loss: 0.04392 -- Median validation metrics: avg_loss: 0.04392, NSE: -10.34170, KGE: -1.02871
[INFO] 15:40:21.831 (basetrainer.py:train_and_validate) -- learning rate is [0.005]
[INFO] 15:40:28.208 (basetrainer.py:train_and_validate) -- Epoch 2 average loss: avg_learning_rate: 0.00500, avg_loss: 0.04269, avg_total_loss: 0.04269
[INFO] 15:40:28.925 (basetrainer.py:train_and_validate) -- Epoch 2 average validation loss: 0.01151 -- Median validation metrics: avg_loss: 0.01151, NSE: -1.87237, KGE: -0.02480
[INFO] 15:40:28.925 (basetrainer.py:train_and_validate) -- learning rate is [0.005]
[INFO] 15:40:35.610 (basetrainer.py:train_and_validate) -- Epoch 3 average loss: avg_learning_rate: 0.00500, avg_loss: 0.02189, avg_total_loss: 0.02189
[INFO] 15:40:35.781 (basetrainer.py:train_and_validate) -- Epoch 3 average validation loss: 0.00708 -- Median validation metrics: avg_loss: 0.00708, NSE: -0.79940, KGE: 0.09874
[INFO] 15:40:35.781 (basetrainer.py:train_and_validate) -- learning rate is [0.005]
[INFO] 15:40:42.470 (basetrainer.py:train_and_validate) -- Epoch 4 average loss: avg_learning_rate: 0.00500, avg_loss: 0.01714, avg_total_loss: 0.01714
[INFO] 15:40:42.772 (basetrainer.py:train_and_validate) -- Epoch 4 average validation loss: 0.00597 -- Median validation metrics: avg_loss: 0.00597, NSE: -0.56180, KGE: 0.09107
[INFO] 15:40:42.772 (basetrainer.py:train_and_validate) -- learning rate is [0.005]
[INFO] 15:40:48.947 (basetrainer.py:train_and_validate) -- Epoch 5 average loss: avg_learning_rate: 0.00500, avg_loss: 0.01557, avg_total_loss: 0.01557
[INFO] 15:40:49.732 (basetrainer.py:train_and_validate) -- Epoch 5 average validation loss: 0.00532 -- Median validation metrics: avg_loss: 0.00532, NSE: -0.41121, KGE: 0.09661
[INFO] 15:40:49.733 (basetrainer.py:train_and_validate) -- learning rate is [0.0045000000000000005]
[INFO] 15:40:55.992 (basetrainer.py:train_and_validate) -- Epoch 6 average loss: avg_learning_rate: 0.00450, avg_loss: 0.01381, avg_total_loss: 0.01381
[INFO] 15:40:56.789 (basetrainer.py:train_and_validate) -- Epoch 6 average validation loss: 0.00494 -- Median validation metrics: avg_loss: 0.00494, NSE: -0.31983, KGE: 0.10350
[INFO] 15:40:56.789 (basetrainer.py:train_and_validate) -- learning rate is [0.0045000000000000005]
[INFO] 15:41:02.837 (basetrainer.py:train_and_validate) -- Epoch 7 average loss: avg_learning_rate: 0.00450, avg_loss: 0.01229, avg_total_loss: 0.01229
[INFO] 15:41:03.594 (basetrainer.py:train_and_validate) -- Epoch 7 average validation loss: 0.00463 -- Median validation metrics: avg_loss: 0.00463, NSE: -0.24102, KGE: 0.10836
[INFO] 15:41:03.595 (basetrainer.py:train_and_validate) -- learning rate is [0.0045000000000000005]
[INFO] 15:41:09.678 (basetrainer.py:train_and_validate) -- Epoch 8 average loss: avg_learning_rate: 0.00450, avg_loss: 0.01057, avg_total_loss: 0.01057
[INFO] 15:41:10.470 (basetrainer.py:train_and_validate) -- Epoch 8 average validation loss: 0.00437 -- Median validation metrics: avg_loss: 0.00437, NSE: -0.17089, KGE: 0.12177
[INFO] 15:41:10.470 (basetrainer.py:train_and_validate) -- learning rate is [0.0045000000000000005]
[INFO] 15:41:16.471 (basetrainer.py:train_and_validate) -- Epoch 9 average loss: avg_learning_rate: 0.00450, avg_loss: 0.00901, avg_total_loss: 0.00901
[INFO] 15:41:17.216 (basetrainer.py:train_and_validate) -- Epoch 9 average validation loss: 0.00419 -- Median validation metrics: avg_loss: 0.00419, NSE: -0.12343, KGE: 0.12031
[INFO] 15:41:17.217 (basetrainer.py:train_and_validate) -- learning rate is [0.0045000000000000005]
[INFO] 15:41:23.236 (basetrainer.py:train_and_validate) -- Epoch 10 average loss: avg_learning_rate: 0.00450, avg_loss: 0.00823, avg_total_loss: 0.00823
[INFO] 15:41:23.948 (basetrainer.py:train_and_validate) -- Epoch 10 average validation loss: 0.00401 -- Median validation metrics: avg_loss: 0.00401, NSE: -0.07433, KGE: 0.13666
[INFO] 15:41:23.948 (basetrainer.py:train_and_validate) -- learning rate is [0.004050000000000001]
[INFO] 15:41:30.144 (basetrainer.py:train_and_validate) -- Epoch 11 average loss: avg_learning_rate: 0.00405, avg_loss: 0.00958, avg_total_loss: 0.00958
[INFO] 15:41:30.887 (basetrainer.py:train_and_validate) -- Epoch 11 average validation loss: 0.00385 -- Median validation metrics: avg_loss: 0.00385, NSE: -0.03348, KGE: 0.12977
[INFO] 15:41:30.887 (basetrainer.py:train_and_validate) -- learning rate is [0.004050000000000001]
[INFO] 15:41:36.929 (basetrainer.py:train_and_validate) -- Epoch 12 average loss: avg_learning_rate: 0.00405, avg_loss: 0.00949, avg_total_loss: 0.00949
[INFO] 15:41:37.666 (basetrainer.py:train_and_validate) -- Epoch 12 average validation loss: 0.00375 -- Median validation metrics: avg_loss: 0.00375, NSE: -0.00447, KGE: 0.13706
[INFO] 15:41:37.666 (basetrainer.py:train_and_validate) -- learning rate is [0.004050000000000001]
[INFO] 15:41:43.678 (basetrainer.py:train_and_validate) -- Epoch 13 average loss: avg_learning_rate: 0.00405, avg_loss: 0.00873, avg_total_loss: 0.00873
[INFO] 15:41:44.477 (basetrainer.py:train_and_validate) -- Epoch 13 average validation loss: 0.00366 -- Median validation metrics: avg_loss: 0.00366, NSE: 0.02196, KGE: 0.14814
[INFO] 15:41:44.477 (basetrainer.py:train_and_validate) -- learning rate is [0.004050000000000001]
[INFO] 15:41:50.403 (basetrainer.py:train_and_validate) -- Epoch 14 average loss: avg_learning_rate: 0.00405, avg_loss: 0.00714, avg_total_loss: 0.00714
[INFO] 15:41:51.116 (basetrainer.py:train_and_validate) -- Epoch 14 average validation loss: 0.00355 -- Median validation metrics: avg_loss: 0.00355, NSE: 0.04950, KGE: 0.14357
[INFO] 15:41:51.116 (basetrainer.py:train_and_validate) -- learning rate is [0.004050000000000001]
[INFO] 15:41:57.890 (basetrainer.py:train_and_validate) -- Epoch 15 average loss: avg_learning_rate: 0.00405, avg_loss: 0.00825, avg_total_loss: 0.00825
[INFO] 15:41:57.824 (basetrainer.py:train_and_validate) -- Epoch 15 average validation loss: 0.00349 -- Median validation metrics: avg_loss: 0.00349, NSE: 0.06845, KGE: 0.15526
[INFO] 15:41:57.824 (basetrainer.py:train_and_validate) -- learning rate is [0.0036450000000000007]
[INFO] 15:42:03.951 (basetrainer.py:train_and_validate) -- Epoch 16 average loss: avg_learning_rate: 0.00365, avg_loss: 0.00661, avg_total_loss: 0.00661
[INFO] 15:42:04.671 (basetrainer.py:train_and_validate) -- Epoch 16 average validation loss: 0.00343 -- Median validation metrics: avg_loss: 0.00343, NSE: 0.08483, KGE: 0.16015
[INFO] 15:42:04.671 (basetrainer.py:train_and_validate) -- learning rate is [0.0036450000000000007]
[INFO] 15:42:10.803 (basetrainer.py:train_and_validate) -- Epoch 17 average loss: avg_learning_rate: 0.00365, avg_loss: 0.00682, avg_total_loss: 0.00682
[INFO] 15:42:11.526 (basetrainer.py:train_and_validate) -- Epoch 17 average validation loss: 0.00336 -- Median validation metrics: avg_loss: 0.00336, NSE: 0.10427, KGE: 0.16130
[INFO] 15:42:11.526 (basetrainer.py:train_and_validate) -- learning rate is [0.0036450000000000007]
[INFO] 15:42:17.602 (basetrainer.py:train_and_validate) -- Epoch 18 average loss: avg_learning_rate: 0.00365, avg_loss: 0.00588, avg_total_loss: 0.00588
[INFO] 15:42:18.354 (basetrainer.py:train_and_validate) -- Epoch 18 average validation loss: 0.00333 -- Median validation metrics: avg_loss: 0.00333, NSE: 0.11367, KGE: 0.17066
[INFO] 15:42:18.354 (basetrainer.py:train_and_validate) -- learning rate is [0.0036450000000000007]
[INFO] 15:42:24.461 (basetrainer.py:train_and_validate) -- Epoch 19 average loss: avg_learning_rate: 0.00365, avg_loss: 0.00644, avg_total_loss: 0.00644
[INFO] 15:42:25.233 (basetrainer.py:train_and_validate) -- Epoch 19 average validation loss: 0.00327 -- Median validation metrics: avg_loss: 0.00327, NSE: 0.12904, KGE: 0.17143
[INFO] 15:42:25.233 (basetrainer.py:train_and_validate) -- learning rate is [0.0036450000000000007]
[INFO] 15:42:31.425 (basetrainer.py:train_and_validate) -- Epoch 20 average loss: avg_learning_rate: 0.00365, avg_loss: 0.00533, avg_total_loss: 0.00533
[INFO] 15:42:32.153 (basetrainer.py:train_and_validate) -- Epoch 20 average validation loss: 0.00324 -- Median validation metrics: avg_loss: 0.00324, NSE: 0.13854, KGE: 0.17935
[INFO] 15:42:32.153 (basetrainer.py:train_and_validate) -- learning rate is [0.003280500000000001]
[INFO] 15:42:38.497 (basetrainer.py:train_and_validate) -- Epoch 21 average loss: avg_learning_rate: 0.00328, avg_loss: 0.00554, avg_total_loss: 0.00554
[INFO] 15:42:39.321 (basetrainer.py:train_and_validate) -- Epoch 21 average validation loss: 0.00320 -- Median validation metrics: avg_loss: 0.00320, NSE: 0.14967, KGE: 0.18568
[INFO] 15:42:39.321 (basetrainer.py:train_and_validate) -- learning rate is [0.003280500000000001]
[INFO] 15:42:45.326 (basetrainer.py:train_and_validate) -- Epoch 22 average loss: avg_learning_rate: 0.00328, avg_loss: 0.00538, avg_total_loss: 0.00538
[INFO] 15:42:46.125 (basetrainer.py:train_and_validate) -- Epoch 22 average validation loss: 0.00318 -- Median validation metrics: avg_loss: 0.00318, NSE: 0.15535, KGE: 0.18618
[INFO] 15:42:46.125 (basetrainer.py:train_and_validate) -- learning rate is [0.003280500000000001]
[INFO] 15:42:52.248 (basetrainer.py:train_and_validate) -- Epoch 23 average loss: avg_learning_rate: 0.00328, avg_loss: 0.00432, avg_total_loss: 0.00432
[INFO] 15:42:52.974 (basetrainer.py:train_and_validate) -- Epoch 23 average validation loss: 0.00315 -- Median validation metrics: avg_loss: 0.00315, NSE: 0.16665, KGE: 0.19733
[INFO] 15:42:52.974 (basetrainer.py:train_and_validate) -- learning rate is [0.003280500000000001]
[INFO] 15:42:59.400 (basetrainer.py:train_and_validate) -- Epoch 24 average loss: avg_learning_rate: 0.00328, avg_loss: 0.00531, avg_total_loss: 0.00531
[INFO] 15:42:59.815 (basetrainer.py:train_and_validate) -- Epoch 24 average validation loss: 0.00313 -- Median validation metrics: avg_loss: 0.00313, NSE: 0.17269, KGE: 0.19618
[INFO] 15:42:59.816 (basetrainer.py:train_and_validate) -- learning rate is [0.003280500000000001]
[INFO] 15:43:05.841 (basetrainer.py:train_and_validate) -- Epoch 25 average loss: avg_learning_rate: 0.00328, avg_loss: 0.00521, avg_total_loss: 0.00521
[INFO] 15:43:06.605 (basetrainer.py:train_and_validate) -- Epoch 25 average validation loss: 0.00310 -- Median validation metrics: avg_loss: 0.00310, NSE: 0.18090, KGE: 0.20603
[INFO] 15:43:13.592 (logging_utils.py:setup_logging) -- Logging to /usr/local/google/home/kruparell/flood-forecasting/tutorial/model-runs/5-basin-example_1707_152405/finetune-camels_04115265_1707_153948/output.log initialized.
[WARNING] 15:43:13.593 (warnings.py:_showwarnmsg) -- /usr/local/google/home/kruparell/miniforge3/envs/googlehydrology/lib/python3.12/site-packages/dask/config.py:786: FutureWarning: Dask configuration key 'shuffle' has been deprecated; please use 'dataframe.shuffle.algorithm' instead
  warnings.warn(

[INFO] 15:43:16.698 (tester.py:_load_weights) -- Using the model weights from /usr/local/google/home/kruparell/flood-forecasting/tutorial/model-runs/5-basin-example_1707_152405/finetune-camels_04115265_1707_153948/model_epoch025.pt
[INFO] 15:43:30.533 (tester.py:evaluate) -- 1D NSE median=-0.011732
[INFO] 15:43:30.533 (tester.py:evaluate) -- 1D KGE median=-0.093269
