[INFO] 14:51:35.622 (logging_utils.py:setup_logging) -- Logging to /usr/local/google/home/kruparell/flood-forecasting/tutorial/model-runs/5-basin-example_1707_145135/output.log initialized.
[INFO] 14:51:35.623 (basetrainer.py:__init__) -- ### Folder structure created at /usr/local/google/home/kruparell/flood-forecasting/tutorial/model-runs/5-basin-example_1707_145135
[INFO] 14:51:35.623 (basetrainer.py:__init__) -- ### Run configurations for 5-basin-example
[INFO] 14:51:35.623 (basetrainer.py:__init__) -- experiment_name: 5-basin-example
[INFO] 14:51:35.623 (basetrainer.py:__init__) -- run_dir: /usr/local/google/home/kruparell/flood-forecasting/tutorial/model-runs/5-basin-example_1707_145135
[INFO] 14:51:35.623 (basetrainer.py:__init__) -- logging_level: INFO
[INFO] 14:51:35.623 (basetrainer.py:__init__) -- detect_anomaly: False
[INFO] 14:51:35.623 (basetrainer.py:__init__) -- print_warnings_once: False
[INFO] 14:51:35.623 (basetrainer.py:__init__) -- dataset: multimet
[INFO] 14:51:35.623 (basetrainer.py:__init__) -- train_basin_file: /usr/local/google/home/kruparell/flood-forecasting/tutorial/basin-lists/5-basin-train.txt
[INFO] 14:51:35.623 (basetrainer.py:__init__) -- validation_basin_file: /usr/local/google/home/kruparell/flood-forecasting/tutorial/basin-lists/5-basin-train.txt
[INFO] 14:51:35.623 (basetrainer.py:__init__) -- test_basin_file: /usr/local/google/home/kruparell/flood-forecasting/tutorial/basin-lists/8-basin-test.txt
[INFO] 14:51:35.624 (basetrainer.py:__init__) -- targets_data_dir: /usr/local/google/home/kruparell/flood-forecasting/tutorial/Caravan-nc
[INFO] 14:51:35.624 (basetrainer.py:__init__) -- statics_data_dir: /usr/local/google/home/kruparell/flood-forecasting/tutorial/Caravan-nc
[INFO] 14:51:35.624 (basetrainer.py:__init__) -- dynamics_data_dir: gs:/caravan-multimet/v1.1
[INFO] 14:51:35.624 (basetrainer.py:__init__) -- load_as_csv: False
[INFO] 14:51:35.624 (basetrainer.py:__init__) -- train_start_date: 2000-01-01 00:00:00
[INFO] 14:51:35.624 (basetrainer.py:__init__) -- train_end_date: 2020-12-31 00:00:00
[INFO] 14:51:35.624 (basetrainer.py:__init__) -- validation_start_date: 2022-01-01 00:00:00
[INFO] 14:51:35.624 (basetrainer.py:__init__) -- validation_end_date: 2024-12-31 00:00:00
[INFO] 14:51:35.624 (basetrainer.py:__init__) -- test_start_date: 2022-01-01 00:00:00
[INFO] 14:51:35.624 (basetrainer.py:__init__) -- test_end_date: 2024-12-31 00:00:00
[INFO] 14:51:35.624 (basetrainer.py:__init__) -- hindcast_inputs: {'hres': ['hres_temperature_2m', 'hres_total_precipitation'], 'imerg': ['imerg_precipitation'], 'cpc': ['cpc_precipitation']}
[INFO] 14:51:35.624 (basetrainer.py:__init__) -- forecast_inputs: {'hres': ['hres_temperature_2m', 'hres_total_precipitation'], 'graphcast': ['graphcast_temperature_2m', 'graphcast_total_precipitation']}
[INFO] 14:51:35.624 (basetrainer.py:__init__) -- union_mapping: {'cpc_precipitation': 'era5land_total_precipitation', 'imerg_precipitation': 'era5land_total_precipitation', 'graphcast_temperature_2m': 'era5land_temperature_2m', 'graphcast_total_precipitation': 'era5land_total_precipitation', 'hres_temperature_2m': 'era5land_temperature_2m', 'hres_total_precipitation': 'era5land_total_precipitation'}
[INFO] 14:51:35.624 (basetrainer.py:__init__) -- static_attributes: ['area', 'aridity_ERA5_LAND', 'aridity_FAO_PM', 'frac_snow', 'moisture_index_ERA5_LAND', 'moisture_index_FAO_PM', 'p_mean', 'pet_mean_ERA5_LAND', 'pet_mean_FAO_PM']
[INFO] 14:51:35.624 (basetrainer.py:__init__) -- target_variables: ['streamflow']
[INFO] 14:51:35.624 (basetrainer.py:__init__) -- model: mean_embedding_forecast_lstm
[INFO] 14:51:35.624 (basetrainer.py:__init__) -- hidden_size: 16
[INFO] 14:51:35.624 (basetrainer.py:__init__) -- head: regression
[INFO] 14:51:35.625 (basetrainer.py:__init__) -- output_activation: linear
[INFO] 14:51:35.625 (basetrainer.py:__init__) -- seq_length: 365
[INFO] 14:51:35.625 (basetrainer.py:__init__) -- lead_time: 7
[INFO] 14:51:35.625 (basetrainer.py:__init__) -- forecast_overlap: 365
[INFO] 14:51:35.625 (basetrainer.py:__init__) -- timestep_counter: True
[INFO] 14:51:35.625 (basetrainer.py:__init__) -- output_dropout: 0.4
[INFO] 14:51:35.625 (basetrainer.py:__init__) -- initial_forget_bias: 3
[INFO] 14:51:35.625 (basetrainer.py:__init__) -- weight_init_opts: ['lstm-ih-xavier', 'lstm-hh-orthogonal', 'fc-xavier']
[INFO] 14:51:35.625 (basetrainer.py:__init__) -- statics_embedding: {'type': 'fc', 'hiddens': [100, 100, 20], 'activation': ['tanh', 'tanh', 'linear'], 'dropout': 0.0}
[INFO] 14:51:35.625 (basetrainer.py:__init__) -- hindcast_embedding: {'type': 'fc', 'hiddens': [100, 20], 'activation': ['tanh', 'linear'], 'dropout': 0.0}
[INFO] 14:51:35.625 (basetrainer.py:__init__) -- forecast_embedding: {'type': 'fc', 'hiddens': [20, 20, 20, 20], 'activation': ['tanh', 'tanh', 'tanh', 'linear'], 'dropout': 0.0}
[INFO] 14:51:35.625 (basetrainer.py:__init__) -- device: cpu
[INFO] 14:51:35.625 (basetrainer.py:__init__) -- seed: 42
[INFO] 14:51:35.625 (basetrainer.py:__init__) -- loss: MSE
[INFO] 14:51:35.625 (basetrainer.py:__init__) -- optimizer: Adam
[INFO] 14:51:35.625 (basetrainer.py:__init__) -- epochs: 15
[INFO] 14:51:35.625 (basetrainer.py:__init__) -- batch_size: 256
[INFO] 14:51:35.625 (basetrainer.py:__init__) -- max_updates_per_epoch: -1
[INFO] 14:51:35.626 (basetrainer.py:__init__) -- learning_rate_strategy: StepLR
[INFO] 14:51:35.626 (basetrainer.py:__init__) -- initial_learning_rate: 0.001
[INFO] 14:51:35.626 (basetrainer.py:__init__) -- learning_rate_drop_factor: 0.5
[INFO] 14:51:35.626 (basetrainer.py:__init__) -- learning_rate_epochs_drop: 3
[INFO] 14:51:35.626 (basetrainer.py:__init__) -- clip_gradient_norm: 1
[INFO] 14:51:35.626 (basetrainer.py:__init__) -- target_noise_std: 0.005
[INFO] 14:51:35.626 (basetrainer.py:__init__) -- metrics: ['NSE', 'KGE']
[INFO] 14:51:35.626 (basetrainer.py:__init__) -- validate_every: 1
[INFO] 14:51:35.626 (basetrainer.py:__init__) -- validate_n_random_basins: -1
[INFO] 14:51:35.626 (basetrainer.py:__init__) -- tester_skip_obs_all_nan: True
[INFO] 14:51:35.626 (basetrainer.py:__init__) -- tester_sample_reduction: median
[INFO] 14:51:35.626 (basetrainer.py:__init__) -- clip_targets_to_zero: ['streamflow']
[INFO] 14:51:35.626 (basetrainer.py:__init__) -- predict_last_n: 8
[INFO] 14:51:35.626 (basetrainer.py:__init__) -- allzero_samples_are_invalid: False
[INFO] 14:51:35.626 (basetrainer.py:__init__) -- num_workers: 2
[INFO] 14:51:35.626 (basetrainer.py:__init__) -- log_loss_every_nth_update: 50
[INFO] 14:51:35.626 (basetrainer.py:__init__) -- log_n_figures: 0
[INFO] 14:51:35.626 (basetrainer.py:__init__) -- cache: {'enabled': True, 'byte_limit': 10000000000}
[INFO] 14:51:35.627 (basetrainer.py:__init__) -- number_of_basins: 5
[INFO] 14:51:35.627 (basetrainer.py:__init__) -- train_dir: /usr/local/google/home/kruparell/flood-forecasting/tutorial/model-runs/5-basin-example_1707_145135/train_data
[INFO] 14:51:35.627 (basetrainer.py:__init__) -- img_log_dir: /usr/local/google/home/kruparell/flood-forecasting/tutorial/model-runs/5-basin-example_1707_145135/img_log
[INFO] 14:51:35.629 (basetrainer.py:_set_device) -- ### Device cpu will be used for training
[ERROR] 14:52:08.873 (retry.py:retry_request) -- _request out of retries on exception: Invalid Credentials, 401
Traceback (most recent call last):
  File "/usr/local/google/home/kruparell/miniforge3/envs/googlehydrology/lib/python3.12/site-packages/google/auth/compute_engine/credentials.py", line 149, in _perform_refresh_token
    self.token, self.expiry = _metadata.get_service_account_token(
                              ^^^^^^^^^^^^^^^^^^^^^^^^^^^^^^^^^^^^
  File "/usr/local/google/home/kruparell/miniforge3/envs/googlehydrology/lib/python3.12/site-packages/google/auth/compute_engine/_metadata.py", line 503, in get_service_account_token
    token_json = get(request, path, params=params, headers=metrics_header)
                 ^^^^^^^^^^^^^^^^^^^^^^^^^^^^^^^^^^^^^^^^^^^^^^^^^^^^^^^^^
  File "/usr/local/google/home/kruparell/miniforge3/envs/googlehydrology/lib/python3.12/site-packages/google/auth/compute_engine/_metadata.py", line 388, in get
    raise exceptions.TransportError(
google.auth.exceptions.TransportError: ('Failed to retrieve http://metadata.google.internal/computeMetadata/v1/instance/service-accounts/default/token?scopes=https%3A%2F%2Fwww.googleapis.com%2Fauth%2Fdevstorage.full_control from the Google Compute Engine metadata service. Status: 404 Response:\nb\'"No service account scopes specified."\'', <google.auth.transport.requests._Response object at 0x7fd4b3f6fc50>)

The above exception was the direct cause of the following exception:

Traceback (most recent call last):
  File "/usr/local/google/home/kruparell/miniforge3/envs/googlehydrology/lib/python3.12/site-packages/gcsfs/credentials.py", line 211, in maybe_refresh
    self.credentials.refresh(req)
  File "/usr/local/google/home/kruparell/miniforge3/envs/googlehydrology/lib/python3.12/site-packages/google/auth/credentials.py", line 517, in refresh
    self._perform_refresh_token(request)
  File "/usr/local/google/home/kruparell/miniforge3/envs/googlehydrology/lib/python3.12/site-packages/google/auth/compute_engine/credentials.py", line 154, in _perform_refresh_token
    raise new_exc from caught_exc
google.auth.exceptions.RefreshError: ('Failed to retrieve http://metadata.google.internal/computeMetadata/v1/instance/service-accounts/default/token?scopes=https%3A%2F%2Fwww.googleapis.com%2Fauth%2Fdevstorage.full_control from the Google Compute Engine metadata service. Status: 404 Response:\nb\'"No service account scopes specified."\'', <google.auth.transport.requests._Response object at 0x7fd4b3f6fc50>)

The above exception was the direct cause of the following exception:

Traceback (most recent call last):
  File "/usr/local/google/home/kruparell/miniforge3/envs/googlehydrology/lib/python3.12/site-packages/gcsfs/retry.py", line 135, in retry_request
    return await func(*args, **kwargs)
           ^^^^^^^^^^^^^^^^^^^^^^^^^^^
  File "/usr/local/google/home/kruparell/miniforge3/envs/googlehydrology/lib/python3.12/site-packages/gcsfs/core.py", line 467, in _request
    headers=self._get_headers(headers),
            ^^^^^^^^^^^^^^^^^^^^^^^^^^
  File "/usr/local/google/home/kruparell/miniforge3/envs/googlehydrology/lib/python3.12/site-packages/gcsfs/core.py", line 444, in _get_headers
    self.credentials.apply(out)
  File "/usr/local/google/home/kruparell/miniforge3/envs/googlehydrology/lib/python3.12/site-packages/gcsfs/credentials.py", line 223, in apply
    self.maybe_refresh()
  File "/usr/local/google/home/kruparell/miniforge3/envs/googlehydrology/lib/python3.12/site-packages/gcsfs/credentials.py", line 214, in maybe_refresh
    raise HttpError(
gcsfs.retry.HttpError: Invalid Credentials, 401
[ERROR] 14:52:08.882 (logging_utils.py:exception_logging) -- Uncaught exception
Traceback (most recent call last):
  File "/usr/local/google/home/kruparell/miniforge3/envs/googlehydrology/lib/python3.12/site-packages/google/auth/compute_engine/credentials.py", line 149, in _perform_refresh_token
    self.token, self.expiry = _metadata.get_service_account_token(
                              ^^^^^^^^^^^^^^^^^^^^^^^^^^^^^^^^^^^^
  File "/usr/local/google/home/kruparell/miniforge3/envs/googlehydrology/lib/python3.12/site-packages/google/auth/compute_engine/_metadata.py", line 503, in get_service_account_token
    token_json = get(request, path, params=params, headers=metrics_header)
                 ^^^^^^^^^^^^^^^^^^^^^^^^^^^^^^^^^^^^^^^^^^^^^^^^^^^^^^^^^
  File "/usr/local/google/home/kruparell/miniforge3/envs/googlehydrology/lib/python3.12/site-packages/google/auth/compute_engine/_metadata.py", line 388, in get
    raise exceptions.TransportError(
google.auth.exceptions.TransportError: ('Failed to retrieve http://metadata.google.internal/computeMetadata/v1/instance/service-accounts/default/token?scopes=https%3A%2F%2Fwww.googleapis.com%2Fauth%2Fdevstorage.full_control from the Google Compute Engine metadata service. Status: 404 Response:\nb\'"No service account scopes specified."\'', <google.auth.transport.requests._Response object at 0x7fd4b3f6fc50>)

The above exception was the direct cause of the following exception:

Traceback (most recent call last):
  File "/usr/local/google/home/kruparell/miniforge3/envs/googlehydrology/lib/python3.12/site-packages/gcsfs/credentials.py", line 211, in maybe_refresh
    self.credentials.refresh(req)
  File "/usr/local/google/home/kruparell/miniforge3/envs/googlehydrology/lib/python3.12/site-packages/google/auth/credentials.py", line 517, in refresh
    self._perform_refresh_token(request)
  File "/usr/local/google/home/kruparell/miniforge3/envs/googlehydrology/lib/python3.12/site-packages/google/auth/compute_engine/credentials.py", line 154, in _perform_refresh_token
    raise new_exc from caught_exc
google.auth.exceptions.RefreshError: ('Failed to retrieve http://metadata.google.internal/computeMetadata/v1/instance/service-accounts/default/token?scopes=https%3A%2F%2Fwww.googleapis.com%2Fauth%2Fdevstorage.full_control from the Google Compute Engine metadata service. Status: 404 Response:\nb\'"No service account scopes specified."\'', <google.auth.transport.requests._Response object at 0x7fd4b3f6fc50>)

The above exception was the direct cause of the following exception:

Traceback (most recent call last):
  File "/usr/local/google/home/kruparell/miniforge3/envs/googlehydrology/bin/run", line 6, in <module>
    sys.exit(_main())
             ^^^^^^^
  File "/usr/local/google/home/kruparell/flood-forecasting/googlehydrology/run.py", line 120, in _main
    start_run(config=config, gpu=args['gpu'])
  File "/usr/local/google/home/kruparell/flood-forecasting/googlehydrology/run.py", line 164, in start_run
    start_training(config)
  File "/usr/local/google/home/kruparell/flood-forecasting/googlehydrology/training/train.py", line 33, in start_training
    trainer.initialize_training()
  File "/usr/local/google/home/kruparell/flood-forecasting/googlehydrology/training/basetrainer.py", line 190, in initialize_training
    ds = self._get_dataset(compute_scaler=(not self.cfg.is_finetuning))
         ^^^^^^^^^^^^^^^^^^^^^^^^^^^^^^^^^^^^^^^^^^^^^^^^^^^^^^^^^^^^^^
  File "/usr/local/google/home/kruparell/flood-forecasting/googlehydrology/training/basetrainer.py", line 107, in _get_dataset
    return get_dataset(
           ^^^^^^^^^^^^
  File "/usr/local/google/home/kruparell/flood-forecasting/googlehydrology/datasetzoo/__init__.py", line 68, in get_dataset
    return _datasetZooRegistry.instantiate_dataset(
           ^^^^^^^^^^^^^^^^^^^^^^^^^^^^^^^^^^^^^^^^
  File "/usr/local/google/home/kruparell/flood-forecasting/googlehydrology/datasetzoo/datasetregistry.py", line 103, in instantiate_dataset
    return dataset_cls(
           ^^^^^^^^^^^^
  File "/usr/local/google/home/kruparell/flood-forecasting/googlehydrology/datasetzoo/multimet.py", line 217, in __init__
    self._dataset = self._load_data()
                    ^^^^^^^^^^^^^^^^^
  File "/usr/local/google/home/kruparell/flood-forecasting/googlehydrology/datasetzoo/multimet.py", line 667, in _load_data
    datasets.extend(self._load_hindcast_features())
                    ^^^^^^^^^^^^^^^^^^^^^^^^^^^^^^
  File "/usr/local/google/home/kruparell/flood-forecasting/googlehydrology/datasetzoo/multimet.py", line 707, in _load_hindcast_features
    return self._load_hindcast_as_zarr()
           ^^^^^^^^^^^^^^^^^^^^^^^^^^^^^
  File "/usr/local/google/home/kruparell/flood-forecasting/googlehydrology/datasetzoo/multimet.py", line 728, in _load_hindcast_as_zarr
    product_ds = _open_zarr(product_path)
                 ^^^^^^^^^^^^^^^^^^^^^^^^
  File "/usr/local/google/home/kruparell/flood-forecasting/googlehydrology/datasetzoo/multimet.py", line 1073, in _open_zarr
    return xr.open_zarr(store=path, chunks='auto', decode_timedelta=True)
           ^^^^^^^^^^^^^^^^^^^^^^^^^^^^^^^^^^^^^^^^^^^^^^^^^^^^^^^^^^^^^^
  File "/usr/local/google/home/kruparell/miniforge3/envs/googlehydrology/lib/python3.12/site-packages/xarray/backends/zarr.py", line 1586, in open_zarr
    ds = open_dataset(
         ^^^^^^^^^^^^^
  File "/usr/local/google/home/kruparell/miniforge3/envs/googlehydrology/lib/python3.12/site-packages/xarray/backends/api.py", line 606, in open_dataset
    backend_ds = backend.open_dataset(
                 ^^^^^^^^^^^^^^^^^^^^^
  File "/usr/local/google/home/kruparell/miniforge3/envs/googlehydrology/lib/python3.12/site-packages/xarray/backends/zarr.py", line 1660, in open_dataset
    store = ZarrStore.open_group(
            ^^^^^^^^^^^^^^^^^^^^^
  File "/usr/local/google/home/kruparell/miniforge3/envs/googlehydrology/lib/python3.12/site-packages/xarray/backends/zarr.py", line 714, in open_group
    ) = _get_open_params(
        ^^^^^^^^^^^^^^^^^
  File "/usr/local/google/home/kruparell/miniforge3/envs/googlehydrology/lib/python3.12/site-packages/xarray/backends/zarr.py", line 1868, in _get_open_params
    zarr_root_group = zarr.open_consolidated(store, **open_kwargs)
                      ^^^^^^^^^^^^^^^^^^^^^^^^^^^^^^^^^^^^^^^^^^^^
  File "/usr/local/google/home/kruparell/miniforge3/envs/googlehydrology/lib/python3.12/site-packages/zarr/api/synchronous.py", line 238, in open_consolidated
    sync(async_api.open_consolidated(*args, use_consolidated=use_consolidated, **kwargs))
  File "/usr/local/google/home/kruparell/miniforge3/envs/googlehydrology/lib/python3.12/site-packages/zarr/core/sync.py", line 159, in sync
    raise return_result
  File "/usr/local/google/home/kruparell/miniforge3/envs/googlehydrology/lib/python3.12/site-packages/zarr/core/sync.py", line 119, in _runner
    return await coro
           ^^^^^^^^^^
  File "/usr/local/google/home/kruparell/miniforge3/envs/googlehydrology/lib/python3.12/site-packages/zarr/api/asynchronous.py", line 415, in open_consolidated
    return await open_group(*args, use_consolidated=use_consolidated, **kwargs)
           ^^^^^^^^^^^^^^^^^^^^^^^^^^^^^^^^^^^^^^^^^^^^^^^^^^^^^^^^^^^^^^^^^^^^
  File "/usr/local/google/home/kruparell/miniforge3/envs/googlehydrology/lib/python3.12/site-packages/zarr/api/asynchronous.py", line 866, in open_group
    return await AsyncGroup.open(
           ^^^^^^^^^^^^^^^^^^^^^^
  File "/usr/local/google/home/kruparell/miniforge3/envs/googlehydrology/lib/python3.12/site-packages/zarr/core/group.py", line 570, in open
    ) = await asyncio.gather(
        ^^^^^^^^^^^^^^^^^^^^^
  File "/usr/local/google/home/kruparell/miniforge3/envs/googlehydrology/lib/python3.12/site-packages/zarr/storage/_common.py", line 168, in get
    return await self.store.get(self.path, prototype=prototype, byte_range=byte_range)
           ^^^^^^^^^^^^^^^^^^^^^^^^^^^^^^^^^^^^^^^^^^^^^^^^^^^^^^^^^^^^^^^^^^^^^^^^^^^
  File "/usr/local/google/home/kruparell/miniforge3/envs/googlehydrology/lib/python3.12/site-packages/zarr/storage/_fsspec.py", line 289, in get
    value = prototype.buffer.from_bytes(await self.fs._cat_file(path))
                                        ^^^^^^^^^^^^^^^^^^^^^^^^^^^^^
  File "/usr/local/google/home/kruparell/miniforge3/envs/googlehydrology/lib/python3.12/site-packages/gcsfs/core.py", line 1120, in _cat_file
    headers, out = await self._call("GET", u2, headers=head)
                   ^^^^^^^^^^^^^^^^^^^^^^^^^^^^^^^^^^^^^^^^^
  File "/usr/local/google/home/kruparell/miniforge3/envs/googlehydrology/lib/python3.12/site-packages/gcsfs/core.py", line 483, in _call
    status, headers, info, contents = await self._request(
                                      ^^^^^^^^^^^^^^^^^^^^
  File "/usr/local/google/home/kruparell/miniforge3/envs/googlehydrology/lib/python3.12/site-packages/decorator/__init__.py", line 237, in fun
    return await caller(func, *(extras + args), **kw)
           ^^^^^^^^^^^^^^^^^^^^^^^^^^^^^^^^^^^^^^^^^^
  File "/usr/local/google/home/kruparell/miniforge3/envs/googlehydrology/lib/python3.12/site-packages/gcsfs/retry.py", line 165, in retry_request
    raise e
  File "/usr/local/google/home/kruparell/miniforge3/envs/googlehydrology/lib/python3.12/site-packages/gcsfs/retry.py", line 135, in retry_request
    return await func(*args, **kwargs)
           ^^^^^^^^^^^^^^^^^^^^^^^^^^^
  File "/usr/local/google/home/kruparell/miniforge3/envs/googlehydrology/lib/python3.12/site-packages/gcsfs/core.py", line 467, in _request
    headers=self._get_headers(headers),
            ^^^^^^^^^^^^^^^^^^^^^^^^^^
  File "/usr/local/google/home/kruparell/miniforge3/envs/googlehydrology/lib/python3.12/site-packages/gcsfs/core.py", line 444, in _get_headers
    self.credentials.apply(out)
  File "/usr/local/google/home/kruparell/miniforge3/envs/googlehydrology/lib/python3.12/site-packages/gcsfs/credentials.py", line 223, in apply
    self.maybe_refresh()
  File "/usr/local/google/home/kruparell/miniforge3/envs/googlehydrology/lib/python3.12/site-packages/gcsfs/credentials.py", line 214, in maybe_refresh
    raise HttpError(
gcsfs.retry.HttpError: Invalid Credentials, 401
