[INFO] 12:27:45.661 (logging_utils.py:setup_logging) -- Logging to /usr/local/google/home/kruparell/flood-forecasting/tutorial/model-runs/5-basin-local-example_1707_122745/output.log initialized.
[INFO] 12:27:45.661 (basetrainer.py:__init__) -- ### Folder structure created at /usr/local/google/home/kruparell/flood-forecasting/tutorial/model-runs/5-basin-local-example_1707_122745
[INFO] 12:27:45.662 (basetrainer.py:__init__) -- ### Run configurations for 5-basin-local-example
[INFO] 12:27:45.662 (basetrainer.py:__init__) -- experiment_name: 5-basin-local-example
[INFO] 12:27:45.662 (basetrainer.py:__init__) -- run_dir: /usr/local/google/home/kruparell/flood-forecasting/tutorial/model-runs/5-basin-local-example_1707_122745
[INFO] 12:27:45.662 (basetrainer.py:__init__) -- logging_level: INFO
[INFO] 12:27:45.662 (basetrainer.py:__init__) -- detect_anomaly: False
[INFO] 12:27:45.662 (basetrainer.py:__init__) -- print_warnings_once: False
[INFO] 12:27:45.662 (basetrainer.py:__init__) -- dataset: multimet
[INFO] 12:27:45.662 (basetrainer.py:__init__) -- train_basin_file: /usr/local/google/home/kruparell/flood-forecasting/tutorial/basin-lists/5-basin-train.txt
[INFO] 12:27:45.662 (basetrainer.py:__init__) -- validation_basin_file: /usr/local/google/home/kruparell/flood-forecasting/tutorial/basin-lists/5-basin-train.txt
[INFO] 12:27:45.662 (basetrainer.py:__init__) -- test_basin_file: /usr/local/google/home/kruparell/flood-forecasting/tutorial/basin-lists/8-basin-test.txt
[INFO] 12:27:45.662 (basetrainer.py:__init__) -- targets_data_dir: /usr/local/google/home/kruparell/flood-forecasting/tutorial/Caravan-nc
[INFO] 12:27:45.662 (basetrainer.py:__init__) -- statics_data_dir: /usr/local/google/home/kruparell/flood-forecasting/tutorial/Caravan-nc
[INFO] 12:27:45.662 (basetrainer.py:__init__) -- dynamics_data_dir: /usr/local/google/home/kruparell/Caravans_MultiMet
[INFO] 12:27:45.663 (basetrainer.py:__init__) -- load_as_csv: False
[INFO] 12:27:45.663 (basetrainer.py:__init__) -- train_start_date: 2000-01-01 00:00:00
[INFO] 12:27:45.663 (basetrainer.py:__init__) -- train_end_date: 2020-12-31 00:00:00
[INFO] 12:27:45.663 (basetrainer.py:__init__) -- validation_start_date: 2022-01-01 00:00:00
[INFO] 12:27:45.663 (basetrainer.py:__init__) -- validation_end_date: 2024-12-31 00:00:00
[INFO] 12:27:45.663 (basetrainer.py:__init__) -- test_start_date: 2022-01-01 00:00:00
[INFO] 12:27:45.663 (basetrainer.py:__init__) -- test_end_date: 2024-12-31 00:00:00
[INFO] 12:27:45.663 (basetrainer.py:__init__) -- hindcast_inputs: {'hres': ['hres_temperature_2m', 'hres_total_precipitation'], 'imerg': ['imerg_precipitation'], 'cpc': ['cpc_precipitation']}
[INFO] 12:27:45.663 (basetrainer.py:__init__) -- forecast_inputs: {'hres': ['hres_temperature_2m', 'hres_total_precipitation'], 'graphcast': ['graphcast_temperature_2m', 'graphcast_total_precipitation']}
[INFO] 12:27:45.663 (basetrainer.py:__init__) -- union_mapping: {'cpc_precipitation': 'era5land_total_precipitation', 'imerg_precipitation': 'era5land_total_precipitation', 'graphcast_temperature_2m': 'era5land_temperature_2m', 'graphcast_total_precipitation': 'era5land_total_precipitation', 'hres_temperature_2m': 'era5land_temperature_2m', 'hres_total_precipitation': 'era5land_total_precipitation'}
[INFO] 12:27:45.663 (basetrainer.py:__init__) -- static_attributes: ['area', 'aridity_ERA5_LAND', 'aridity_FAO_PM', 'frac_snow', 'moisture_index_ERA5_LAND', 'moisture_index_FAO_PM', 'p_mean', 'pet_mean_ERA5_LAND', 'pet_mean_FAO_PM']
[INFO] 12:27:45.663 (basetrainer.py:__init__) -- target_variables: ['streamflow']
[INFO] 12:27:45.663 (basetrainer.py:__init__) -- model: mean_embedding_forecast_lstm
[INFO] 12:27:45.664 (basetrainer.py:__init__) -- hidden_size: 16
[INFO] 12:27:45.664 (basetrainer.py:__init__) -- head: regression
[INFO] 12:27:45.664 (basetrainer.py:__init__) -- output_activation: linear
[INFO] 12:27:45.664 (basetrainer.py:__init__) -- seq_length: 365
[INFO] 12:27:45.664 (basetrainer.py:__init__) -- lead_time: 7
[INFO] 12:27:45.664 (basetrainer.py:__init__) -- forecast_overlap: 365
[INFO] 12:27:45.664 (basetrainer.py:__init__) -- timestep_counter: True
[INFO] 12:27:45.664 (basetrainer.py:__init__) -- output_dropout: 0.4
[INFO] 12:27:45.664 (basetrainer.py:__init__) -- initial_forget_bias: 3
[INFO] 12:27:45.664 (basetrainer.py:__init__) -- weight_init_opts: ['lstm-ih-xavier', 'lstm-hh-orthogonal', 'fc-xavier']
[INFO] 12:27:45.664 (basetrainer.py:__init__) -- statics_embedding: {'type': 'fc', 'hiddens': [100, 100, 20], 'activation': ['tanh', 'tanh', 'linear'], 'dropout': 0.0}
[INFO] 12:27:45.664 (basetrainer.py:__init__) -- hindcast_embedding: {'type': 'fc', 'hiddens': [100, 20], 'activation': ['tanh', 'linear'], 'dropout': 0.0}
[INFO] 12:27:45.664 (basetrainer.py:__init__) -- forecast_embedding: {'type': 'fc', 'hiddens': [20, 20, 20, 20], 'activation': ['tanh', 'tanh', 'tanh', 'linear'], 'dropout': 0.0}
[INFO] 12:27:45.664 (basetrainer.py:__init__) -- device: cpu
[INFO] 12:27:45.664 (basetrainer.py:__init__) -- seed: 42
[INFO] 12:27:45.665 (basetrainer.py:__init__) -- loss: MSE
[INFO] 12:27:45.665 (basetrainer.py:__init__) -- optimizer: Adam
[INFO] 12:27:45.665 (basetrainer.py:__init__) -- epochs: 2
[INFO] 12:27:45.665 (basetrainer.py:__init__) -- batch_size: 256
[INFO] 12:27:45.665 (basetrainer.py:__init__) -- max_updates_per_epoch: -1
[INFO] 12:27:45.665 (basetrainer.py:__init__) -- learning_rate_strategy: StepLR
[INFO] 12:27:45.665 (basetrainer.py:__init__) -- initial_learning_rate: 0.001
[INFO] 12:27:45.665 (basetrainer.py:__init__) -- learning_rate_drop_factor: 0.5
[INFO] 12:27:45.665 (basetrainer.py:__init__) -- learning_rate_epochs_drop: 3
[INFO] 12:27:45.665 (basetrainer.py:__init__) -- clip_gradient_norm: 1
[INFO] 12:27:45.665 (basetrainer.py:__init__) -- target_noise_std: 0.005
[INFO] 12:27:45.665 (basetrainer.py:__init__) -- metrics: ['NSE', 'KGE']
[INFO] 12:27:45.665 (basetrainer.py:__init__) -- validate_every: 1
[INFO] 12:27:45.665 (basetrainer.py:__init__) -- validate_n_random_basins: -1
[INFO] 12:27:45.665 (basetrainer.py:__init__) -- tester_skip_obs_all_nan: True
[INFO] 12:27:45.665 (basetrainer.py:__init__) -- tester_sample_reduction: median
[INFO] 12:27:45.665 (basetrainer.py:__init__) -- clip_targets_to_zero: ['streamflow']
[INFO] 12:27:45.666 (basetrainer.py:__init__) -- predict_last_n: 8
[INFO] 12:27:45.666 (basetrainer.py:__init__) -- allzero_samples_are_invalid: False
[INFO] 12:27:45.666 (basetrainer.py:__init__) -- num_workers: 2
[INFO] 12:27:45.666 (basetrainer.py:__init__) -- log_loss_every_nth_update: 50
[INFO] 12:27:45.666 (basetrainer.py:__init__) -- log_n_figures: 0
[INFO] 12:27:45.666 (basetrainer.py:__init__) -- cache: {'enabled': True, 'byte_limit': 10000000000}
[INFO] 12:27:45.666 (basetrainer.py:__init__) -- number_of_basins: 5
[INFO] 12:27:45.666 (basetrainer.py:__init__) -- train_dir: /usr/local/google/home/kruparell/flood-forecasting/tutorial/model-runs/5-basin-local-example_1707_122745/train_data
[INFO] 12:27:45.666 (basetrainer.py:__init__) -- img_log_dir: /usr/local/google/home/kruparell/flood-forecasting/tutorial/model-runs/5-basin-local-example_1707_122745/img_log
[INFO] 12:27:45.668 (basetrainer.py:_set_device) -- ### Device cpu will be used for training
[WARNING] 12:27:48.657 (basetrainer.py:initialize_training) -- Validation set to validate every 1 epoch(s), but 'validate_n_random_basins' not set or set to zero. Will validate on the entire validation set.
[INFO] 12:27:50.281 (basetrainer.py:train_and_validate) -- learning rate is [0.001]
[INFO] 12:29:34.897 (basetrainer.py:train_and_validate) -- Epoch 1 average loss: avg_loss: 0.38647, avg_total_loss: 0.38647
[INFO] 12:29:50.144 (basetrainer.py:train_and_validate) -- Epoch 1 average validation loss: 0.20800 -- Median validation metrics: avg_loss: 0.20800, NSE: 0.53879, KGE: 0.46278
[INFO] 12:29:50.144 (basetrainer.py:train_and_validate) -- learning rate is [0.001]
[INFO] 12:30:46.150 (basetrainer.py:train_and_validate) -- Epoch 2 average loss: avg_learning_rate: 0.00100, avg_loss: 0.22871, avg_total_loss: 0.22871
[INFO] 12:30:49.785 (basetrainer.py:train_and_validate) -- Epoch 2 average validation loss: 0.15867 -- Median validation metrics: avg_loss: 0.15867, NSE: 0.66603, KGE: 0.63534
